Component: Arm Compiler for Embedded 6.24 Tool: armlink [5f371500]

==============================================================================

Section Cross References

    main.o(.text.main) refers to system_stm32f10x.o(.text.SystemInit) for SystemInit
    main.o(.text.main) refers to main.o(.text.GPIO_Config) for GPIO_Config
    main.o(.text.main) refers to main.o(.text.USART_Config) for USART_Config
    main.o(.text.main) refers to main.o(.text.I2C_Config) for I2C_Config
    main.o(.text.main) refers to main.o(.rodata.str1.1) for .L.str
    main.o(.text.main) refers to main.o(.text.USART_SendString) for USART_SendString
    main.o(.text.main) refers to main.o(.text.EEPROM_WriteByte) for EEPROM_WriteByte
    main.o(.text.main) refers to main.o(.text.DelayMs) for DelayMs
    main.o(.text.main) refers to main.o(.text.EEPROM_ReadByte) for EEPROM_ReadByte
    main.o(.text.main) refers to sprintf.o(.text) for sprintf
    main.o(.ARM.exidx.text.main) refers to main.o(.text.main) for [Anonymous Symbol]
    main.o(.text.GPIO_Config) refers to stm32f10x_rcc.o(.text.RCC_APB2PeriphClockCmd) for RCC_APB2PeriphClockCmd
    main.o(.text.GPIO_Config) refers to stm32f10x_gpio.o(.text.GPIO_Init) for GPIO_Init
    main.o(.ARM.exidx.text.GPIO_Config) refers to main.o(.text.GPIO_Config) for [Anonymous Symbol]
    main.o(.text.USART_Config) refers to stm32f10x_rcc.o(.text.RCC_APB2PeriphClockCmd) for RCC_APB2PeriphClockCmd
    main.o(.text.USART_Config) refers to stm32f10x_usart.o(.text.USART_Init) for USART_Init
    main.o(.text.USART_Config) refers to stm32f10x_usart.o(.text.USART_Cmd) for USART_Cmd
    main.o(.ARM.exidx.text.USART_Config) refers to main.o(.text.USART_Config) for [Anonymous Symbol]
    main.o(.text.I2C_Config) refers to stm32f10x_rcc.o(.text.RCC_APB2PeriphClockCmd) for RCC_APB2PeriphClockCmd
    main.o(.text.I2C_Config) refers to stm32f10x_rcc.o(.text.RCC_APB1PeriphClockCmd) for RCC_APB1PeriphClockCmd
    main.o(.text.I2C_Config) refers to stm32f10x_gpio.o(.text.GPIO_Init) for GPIO_Init
    main.o(.text.I2C_Config) refers to stm32f10x_i2c.o(.text.I2C_Init) for I2C_Init
    main.o(.text.I2C_Config) refers to stm32f10x_i2c.o(.text.I2C_Cmd) for I2C_Cmd
    main.o(.ARM.exidx.text.I2C_Config) refers to main.o(.text.I2C_Config) for [Anonymous Symbol]
    main.o(.text.USART_SendString) refers to stm32f10x_usart.o(.text.USART_GetFlagStatus) for USART_GetFlagStatus
    main.o(.text.USART_SendString) refers to stm32f10x_usart.o(.text.USART_SendData) for USART_SendData
    main.o(.ARM.exidx.text.USART_SendString) refers to main.o(.text.USART_SendString) for [Anonymous Symbol]
    main.o(.text.EEPROM_WriteByte) refers to stm32f10x_i2c.o(.text.I2C_GetFlagStatus) for I2C_GetFlagStatus
    main.o(.text.EEPROM_WriteByte) refers to stm32f10x_i2c.o(.text.I2C_GenerateSTART) for I2C_GenerateSTART
    main.o(.text.EEPROM_WriteByte) refers to stm32f10x_i2c.o(.text.I2C_CheckEvent) for I2C_CheckEvent
    main.o(.text.EEPROM_WriteByte) refers to stm32f10x_i2c.o(.text.I2C_Send7bitAddress) for I2C_Send7bitAddress
    main.o(.text.EEPROM_WriteByte) refers to stm32f10x_i2c.o(.text.I2C_SendData) for I2C_SendData
    main.o(.text.EEPROM_WriteByte) refers to stm32f10x_i2c.o(.text.I2C_GenerateSTOP) for I2C_GenerateSTOP
    main.o(.ARM.exidx.text.EEPROM_WriteByte) refers to main.o(.text.EEPROM_WriteByte) for [Anonymous Symbol]
    main.o(.text.DelayMs) refers to system_stm32f10x.o(.data.SystemCoreClock) for SystemCoreClock
    main.o(.text.DelayMs) refers to main.o(.text.SysTick_Config) for SysTick_Config
    main.o(.text.DelayMs) refers to main.o(.bss.TimingDelay) for TimingDelay
    main.o(.ARM.exidx.text.DelayMs) refers to main.o(.text.DelayMs) for [Anonymous Symbol]
    main.o(.text.EEPROM_ReadByte) refers to stm32f10x_i2c.o(.text.I2C_GetFlagStatus) for I2C_GetFlagStatus
    main.o(.text.EEPROM_ReadByte) refers to stm32f10x_i2c.o(.text.I2C_GenerateSTART) for I2C_GenerateSTART
    main.o(.text.EEPROM_ReadByte) refers to stm32f10x_i2c.o(.text.I2C_CheckEvent) for I2C_CheckEvent
    main.o(.text.EEPROM_ReadByte) refers to stm32f10x_i2c.o(.text.I2C_Send7bitAddress) for I2C_Send7bitAddress
    main.o(.text.EEPROM_ReadByte) refers to stm32f10x_i2c.o(.text.I2C_SendData) for I2C_SendData
    main.o(.text.EEPROM_ReadByte) refers to stm32f10x_i2c.o(.text.I2C_ReceiveData) for I2C_ReceiveData
    main.o(.text.EEPROM_ReadByte) refers to stm32f10x_i2c.o(.text.I2C_AcknowledgeConfig) for I2C_AcknowledgeConfig
    main.o(.text.EEPROM_ReadByte) refers to stm32f10x_i2c.o(.text.I2C_GenerateSTOP) for I2C_GenerateSTOP
    main.o(.ARM.exidx.text.EEPROM_ReadByte) refers to main.o(.text.EEPROM_ReadByte) for [Anonymous Symbol]
    main.o(.text.SysTick_Config) refers to main.o(.text.__NVIC_SetPriority) for __NVIC_SetPriority
    main.o(.ARM.exidx.text.SysTick_Config) refers to main.o(.text.SysTick_Config) for [Anonymous Symbol]
[...]
    ../clib/angel/sysapp.c                   0x00000000   Number         0  sys_exit.o ABSOLUTE
    ../clib/angel/sysapp.c                   0x00000000   Number         0  sys_exit_hlt.o ABSOLUTE
    ../clib/angel/sysapp.c                   0x00000000   Number         0  sys_command.o ABSOLUTE
    ../clib/angel/sysapp.c                   0x00000000   Number         0  sys_command_hlt.o ABSOLUTE
    ../clib/angel/sysapp.c                   0x00000000   Number         0  sys_wrch.o ABSOLUTE
    ../clib/angel/sysapp.c                   0x00000000   Number         0  sys_wrch_hlt.o ABSOLUTE
    ../clib/armsys.c                         0x00000000   Number         0  argv_veneer.o ABSOLUTE
    ../clib/armsys.c                         0x00000000   Number         0  argv_veneer.o ABSOLUTE
    ../clib/armsys.c                         0x00000000   Number         0  _get_argv_nomalloc.o ABSOLUTE
    ../clib/armsys.c                         0x00000000   Number         0  no_argv.o ABSOLUTE
    ../clib/bigflt.c                         0x00000000   Number         0  bigflt0.o ABSOLUTE
    ../clib/btod.s                           0x00000000   Number         0  btod.o ABSOLUTE
    ../clib/btod_accurate.c                  0x00000000   Number         0  btod_accurate.o ABSOLUTE
    ../clib/btod_accurate.c                  0x00000000   Number         0  btod_accurate_common.o ABSOLUTE
    ../clib/heapalloc.c                      0x00000000   Number         0  hrguard.o ABSOLUTE
    ../clib/heapaux.c                        0x00000000   Number         0  heapauxi.o ABSOLUTE
    ../clib/libinit.s                        0x00000000   Number         0  libinit.o ABSOLUTE
    ../clib/libinit.s                        0x00000000   Number         0  libinit2.o ABSOLUTE
    ../clib/libinit.s                        0x00000000   Number         0  libshutdown.o ABSOLUTE
    ../clib/libinit.s                        0x00000000   Number         0  libshutdown2.o ABSOLUTE
    ../clib/locale.c                         0x00000000   Number         0  _c16rtomb.o ABSOLUTE
    ../clib/locale.s                         0x00000000   Number         0  lc_numeric_c.o ABSOLUTE
    ../clib/locale.s                         0x00000000   Number         0  lc_ctype_c.o ABSOLUTE
    ../clib/longlong.s                       0x00000000   Number         0  lludiv10.o ABSOLUTE
    ../clib/longlong.s                       0x00000000   Number         0  llushr.o ABSOLUTE
    ../clib/memcpset.s                       0x00000000   Number         0  strcmpv7m.o ABSOLUTE
    ../clib/misc.s                           0x00000000   Number         0  printf_stubs.o ABSOLUTE
    ../clib/printf.c                         0x00000000   Number         0  sprintf.o ABSOLUTE
    ../clib/printf.c                         0x00000000   Number         0  __printf.o ABSOLUTE
    ../clib/printf.c                         0x00000000   Number         0  _printf_pad.o ABSOLUTE
    ../clib/printf.c                         0x00000000   Number         0  _printf_truncate.o ABSOLUTE
    ../clib/printf.c                         0x00000000   Number         0  _printf_str.o ABSOLUTE
    ../clib/printf.c                         0x00000000   Number         0  _printf_dec.o ABSOLUTE
    ../clib/printf.c                         0x00000000   Number         0  _printf_charcount.o ABSOLUTE
    ../clib/printf.c                         0x00000000   Number         0  _printf_char_common.o ABSOLUTE
    ../clib/printf.c                         0x00000000   Number         0  _sputc.o ABSOLUTE
    ../clib/printf.c                         0x00000000   Number         0  _printf_wctomb.o ABSOLUTE
    ../clib/printf.c                         0x00000000   Number         0  _printf_longlong_dec.o ABSOLUTE
    ../clib/printf.c                         0x00000000   Number         0  _printf_oct_ll.o ABSOLUTE
    ../clib/printf.c                         0x00000000   Number         0  _printf_oct_int.o ABSOLUTE
    ../clib/printf.c                         0x00000000   Number         0  _printf_oct_int_ll.o ABSOLUTE
    ../clib/printf.c                         0x00000000   Number         0  _printf_hex_ll.o ABSOLUTE
    ../clib/printf.c                         0x00000000   Number         0  _printf_hex_int.o ABSOLUTE
    ../clib/printf.c                         0x00000000   Number         0  _printf_hex_int_ll.o ABSOLUTE
    ../clib/printf.c                         0x00000000   Number         0  _printf_hex_ptr.o ABSOLUTE
    ../clib/printf.c                         0x00000000   Number         0  _printf_hex_int_ptr.o ABSOLUTE
    ../clib/printf.c                         0x00000000   Number         0  _printf_hex_ll_ptr.o ABSOLUTE
    ../clib/printf.c                         0x00000000   Number         0  _printf_hex_int_ll_ptr.o ABSOLUTE
    ../clib/printf.c                         0x00000000   Number         0  __printf_flags.o ABSOLUTE
    ../clib/printf.c                         0x00000000   Number         0  __printf_ss.o ABSOLUTE
    ../clib/printf.c                         0x00000000   Number         0  __printf_flags_ss.o ABSOLUTE
    ../clib/printf.c                         0x00000000   Number         0  __printf_wp.o ABSOLUTE
    ../clib/printf.c                         0x00000000   Number         0  __printf_flags_wp.o ABSOLUTE
    ../clib/printf.c                         0x00000000   Number         0  __printf_ss_wp.o ABSOLUTE
    ../clib/printf.c                         0x00000000   Number         0  __printf_flags_ss_wp.o ABSOLUTE
    ../clib/printf.c                         0x00000000   Number         0  _printf_intcommon.o ABSOLUTE
    ../clib/printf.c                         0x00000000   Number         0  _printf_fp_dec.o ABSOLUTE
    ../clib/printf.c                         0x00000000   Number         0  _printf_fp_dec_accurate.o ABSOLUTE
    ../clib/printf.c                         0x00000000   Number         0  _printf_fp_hex.o ABSOLUTE
    ../clib/printf.c                         0x00000000   Number         0  __printf_nopercent.o ABSOLUTE
    ../clib/printf.c                         0x00000000   Number         0  _printf_char.o ABSOLUTE
    ../clib/printf.c                         0x00000000   Number         0  _printf_wchar.o ABSOLUTE
    ../clib/printf.c                         0x00000000   Number         0  _printf_fp_infnan.o ABSOLUTE
    ../clib/printf_percent.s                 0x00000000   Number         0  _printf_c.o ABSOLUTE
    ../clib/printf_percent.s                 0x00000000   Number         0  _printf_s.o ABSOLUTE
    ../clib/printf_percent.s                 0x00000000   Number         0  _printf_n.o ABSOLUTE
    ../clib/printf_percent.s                 0x00000000   Number         0  _printf_x.o ABSOLUTE
    ../clib/printf_percent.s                 0x00000000   Number         0  _printf_p.o ABSOLUTE
    ../clib/printf_percent.s                 0x00000000   Number         0  _printf_o.o ABSOLUTE
    ../clib/printf_percent.s                 0x00000000   Number         0  _printf_i.o ABSOLUTE
    ../clib/printf_percent.s                 0x00000000   Number         0  _printf_d.o ABSOLUTE
    ../clib/printf_percent.s                 0x00000000   Number         0  _printf_u.o ABSOLUTE
    ../clib/printf_percent.s                 0x00000000   Number         0  _printf_f.o ABSOLUTE
    ../clib/printf_percent.s                 0x00000000   Number         0  _printf_e.o ABSOLUTE
    ../clib/printf_percent.s                 0x00000000   Number         0  _printf_g.o ABSOLUTE
    ../clib/printf_percent.s                 0x00000000   Number         0  _printf_a.o ABSOLUTE
    ../clib/printf_percent.s                 0x00000000   Number         0  _printf_percent.o ABSOLUTE
    ../clib/printf_percent.s                 0x00000000   Number         0  _printf_lli.o ABSOLUTE
    ../clib/printf_percent.s                 0x00000000   Number         0  _printf_lld.o ABSOLUTE
    ../clib/printf_percent.s                 0x00000000   Number         0  _printf_llu.o ABSOLUTE
    ../clib/printf_percent.s                 0x00000000   Number         0  _printf_ll.o ABSOLUTE
    ../clib/printf_percent.s                 0x00000000   Number         0  _printf_l.o ABSOLUTE
    ../clib/printf_percent.s                 0x00000000   Number         0  _printf_lc.o ABSOLUTE
    ../clib/printf_percent.s                 0x00000000   Number         0  _printf_ls.o ABSOLUTE
    ../clib/printf_percent.s                 0x00000000   Number         0  _printf_llo.o ABSOLUTE
    ../clib/printf_percent.s                 0x00000000   Number         0  _printf_llx.o ABSOLUTE
    ../clib/printf_percent.s                 0x00000000   Number         0  _printf_percent_end.o ABSOLUTE
    ../clib/signal.c                         0x00000000   Number         0  defsig_rtmem_outer.o ABSOLUTE
    ../clib/signal.c                         0x00000000   Number         0  defsig_rtmem_formal.o ABSOLUTE
    ../clib/signal.c                         0x00000000   Number         0  defsig_exit.o ABSOLUTE
    ../clib/signal.c                         0x00000000   Number         0  defsig_rtmem_inner.o ABSOLUTE
    ../clib/signal.c                         0x00000000   Number         0  __raise.o ABSOLUTE
    ../clib/signal.c                         0x00000000   Number         0  defsig_general.o ABSOLUTE
    ../clib/signal.c                         0x00000000   Number         0  defsig_abrt_inner.o ABSOLUTE
    ../clib/signal.c                         0x00000000   Number         0  defsig_fpe_inner.o ABSOLUTE
    ../clib/signal.c                         0x00000000   Number         0  defsig_rtred_inner.o ABSOLUTE
    ../clib/signal.c                         0x00000000   Number         0  defsig_stak_inner.o ABSOLUTE
    ../clib/signal.c                         0x00000000   Number         0  defsig_pvfn_inner.o ABSOLUTE
    ../clib/signal.c                         0x00000000   Number         0  defsig_cppl_inner.o ABSOLUTE
    ../clib/signal.c                         0x00000000   Number         0  defsig_segv_inner.o ABSOLUTE
    ../clib/signal.c                         0x00000000   Number         0  defsig_other.o ABSOLUTE
    ../clib/signal.s                         0x00000000   Number         0  defsig.o ABSOLUTE
    ../clib/stdlib.c                         0x00000000   Number         0  exit.o ABSOLUTE
    ../fplib/fpinit.s                        0x00000000   Number         0  fpinit.o ABSOLUTE
    ../fplib/fpinit_empty.s                  0x00000000   Number         0  fpinit_empty.o ABSOLUTE
    ../fplib/istatus.s                       0x00000000   Number         0  istatus.o ABSOLUTE
    ../fplib/printf1.s                       0x00000000   Number         0  printf1.o ABSOLUTE
    ../fplib/printf2.s                       0x00000000   Number         0  printf2.o ABSOLUTE
    ../fplib/printf2a.s                      0x00000000   Number         0  printf2a.o ABSOLUTE
    ../fplib/printf2b.s                      0x00000000   Number         0  printf2b.o ABSOLUTE
    ../fplib/usenofp.s                       0x00000000   Number         0  usenofp.o ABSOLUTE
    ../mathlib/fpclassify.c                  0x00000000   Number         0  fpclassify.o ABSOLUTE
    RTE/Device/STM32F103C8/startup_stm32f10x_md.s 0x00000000   Number         0  startup_stm32f10x_md.o ABSOLUTE
    dc.s                                     0x00000000   Number         0  dc.o ABSOLUTE
    main.c                                   0x00000000   Number         0  main.o ABSOLUTE
    misc.c                                   0x00000000   Number         0  misc.o ABSOLUTE
    stm32f10x_exti.c                         0x00000000   Number         0  stm32f10x_exti.o ABSOLUTE
    stm32f10x_gpio.c                         0x00000000   Number         0  stm32f10x_gpio.o ABSOLUTE
    stm32f10x_i2c.c                          0x00000000   Number         0  stm32f10x_i2c.o ABSOLUTE
    stm32f10x_rcc.c                          0x00000000   Number         0  stm32f10x_rcc.o ABSOLUTE
    stm32f10x_tim.c                          0x00000000   Number         0  stm32f10x_tim.o ABSOLUTE
    stm32f10x_usart.c                        0x00000000   Number         0  stm32f10x_usart.o ABSOLUTE
    system_stm32f10x.c                       0x00000000   Number         0  system_stm32f10x.o ABSOLUTE
    RESET                                    0x08000000   Section      236  startup_stm32f10x_md.o(RESET)
    !!!main                                  0x080000ec   Section        8  __main.o(!!!main)
    !!!scatter                               0x080000f4   Section       92  __scatter.o(!!!scatter)
    !!handler_copy                           0x08000150   Section       26  __scatter_copy.o(!!handler_copy)
    !!handler_null                           0x0800016c   Section        2  __scatter.o(!!handler_null)
    !!handler_zi                             0x08000170   Section       28  __scatter_zi.o(!!handler_zi)
    .ARM.Collect$$_printf_percent$$00000000  0x0800018c   Section        0  _printf_percent.o(.ARM.Collect$$_printf_percent$$00000000)
    .ARM.Collect$$_printf_percent$$00000001  0x0800018c   Section        6  _printf_n.o(.ARM.Collect$$_printf_percent$$00000001)
    .ARM.Collect$$_printf_percent$$00000002  0x08000192   Section        6  _printf_p.o(.ARM.Collect$$_printf_percent$$00000002)
    .ARM.Collect$$_printf_percent$$00000003  0x08000198   Section        6  _printf_f.o(.ARM.Collect$$_printf_percent$$00000003)
    .ARM.Collect$$_printf_percent$$00000004  0x0800019e   Section        6  _printf_e.o(.ARM.Collect$$_printf_percent$$00000004)
    .ARM.Collect$$_printf_percent$$00000005  0x080001a4   Section        6  _printf_g.o(.ARM.Collect$$_printf_percent$$00000005)
    .ARM.Collect$$_printf_percent$$00000006  0x080001aa   Section        6  _printf_a.o(.ARM.Collect$$_printf_percent$$00000006)
    .ARM.Collect$$_printf_percent$$00000007  0x080001b0   Section       10  _printf_ll.o(.ARM.Collect$$_printf_percent$$00000007)
    .ARM.Collect$$_printf_percent$$00000008  0x080001ba   Section        6  _printf_i.o(.ARM.Collect$$_printf_percent$$00000008)
    .ARM.Collect$$_printf_percent$$00000009  0x080001c0   Section        6  _printf_d.o(.ARM.Collect$$_printf_percent$$00000009)
    .ARM.Collect$$_printf_percent$$0000000A  0x080001c6   Section        6  _printf_u.o(.ARM.Collect$$_printf_percent$$0000000A)
    .ARM.Collect$$_printf_percent$$0000000B  0x080001cc   Section        6  _printf_o.o(.ARM.Collect$$_printf_percent$$0000000B)
    .ARM.Collect$$_printf_percent$$0000000C  0x080001d2   Section        6  _printf_x.o(.ARM.Collect$$_printf_percent$$0000000C)
    .ARM.Collect$$_printf_percent$$0000000D  0x080001d8   Section        6  _printf_lli.o(.ARM.Collect$$_printf_percent$$0000000D)
    .ARM.Collect$$_printf_percent$$0000000E  0x080001de   Section        6  _printf_lld.o(.ARM.Collect$$_printf_percent$$0000000E)
    .ARM.Collect$$_printf_percent$$0000000F  0x080001e4   Section        6  _printf_llu.o(.ARM.Collect$$_printf_percent$$0000000F)
    .ARM.Collect$$_printf_percent$$00000010  0x080001ea   Section        6  _printf_llo.o(.ARM.Collect$$_printf_percent$$00000010)
    .ARM.Collect$$_printf_percent$$00000011  0x080001f0   Section        6  _printf_llx.o(.ARM.Collect$$_printf_percent$$00000011)
    .ARM.Collect$$_printf_percent$$00000012  0x080001f6   Section       10  _printf_l.o(.ARM.Collect$$_printf_percent$$00000012)
    .ARM.Collect$$_printf_percent$$00000013  0x08000200   Section        6  _printf_c.o(.ARM.Collect$$_printf_percent$$00000013)
    .ARM.Collect$$_printf_percent$$00000014  0x08000206   Section        6  _printf_s.o(.ARM.Collect$$_printf_percent$$00000014)
    .ARM.Collect$$_printf_percent$$00000015  0x0800020c   Section        6  _printf_lc.o(.ARM.Collect$$_printf_percent$$00000015)
    .ARM.Collect$$_printf_percent$$00000016  0x08000212   Section        6  _printf_ls.o(.ARM.Collect$$_printf_percent$$00000016)
    .ARM.Collect$$_printf_percent$$00000017  0x08000218   Section        4  _printf_percent_end.o(.ARM.Collect$$_printf_percent$$00000017)
    .ARM.Collect$$libinit$$00000000          0x0800021c   Section        2  libinit.o(.ARM.Collect$$libinit$$00000000)
    .ARM.Collect$$libinit$$00000002          0x0800021e   Section        0  libinit2.o(.ARM.Collect$$libinit$$00000002)
    .ARM.Collect$$libinit$$00000004          0x0800021e   Section        0  libinit2.o(.ARM.Collect$$libinit$$00000004)
    .ARM.Collect$$libinit$$00000006          0x0800021e   Section        0  libinit2.o(.ARM.Collect$$libinit$$00000006)
    .ARM.Collect$$libinit$$0000000C          0x0800021e   Section        0  libinit2.o(.ARM.Collect$$libinit$$0000000C)
    .ARM.Collect$$libinit$$0000000E          0x0800021e   Section        0  libinit2.o(.ARM.Collect$$libinit$$0000000E)
    .ARM.Collect$$libinit$$00000010          0x0800021e   Section        0  libinit2.o(.ARM.Collect$$libinit$$00000010)
    .ARM.Collect$$libinit$$00000011          0x0800021e   Section        6  libinit2.o(.ARM.Collect$$libinit$$00000011)
    .ARM.Collect$$libinit$$00000013          0x08000224   Section        0  libinit2.o(.ARM.Collect$$libinit$$00000013)
    .ARM.Collect$$libinit$$00000014          0x08000224   Section       12  libinit2.o(.ARM.Collect$$libinit$$00000014)
    .ARM.Collect$$libinit$$00000015          0x08000230   Section        0  libinit2.o(.ARM.Collect$$libinit$$00000015)
    .ARM.Collect$$libinit$$00000017          0x08000230   Section        0  libinit2.o(.ARM.Collect$$libinit$$00000017)
    .ARM.Collect$$libinit$$00000018          0x08000230   Section       10  libinit2.o(.ARM.Collect$$libinit$$00000018)
    .ARM.Collect$$libinit$$00000019          0x0800023a   Section        0  libinit2.o(.ARM.Collect$$libinit$$00000019)
    .ARM.Collect$$libinit$$0000001B          0x0800023a   Section        0  libinit2.o(.ARM.Collect$$libinit$$0000001B)
    .ARM.Collect$$libinit$$0000001D          0x0800023a   Section        0  libinit2.o(.ARM.Collect$$libinit$$0000001D)
    .ARM.Collect$$libinit$$0000001F          0x0800023a   Section        0  libinit2.o(.ARM.Collect$$libinit$$0000001F)
    .ARM.Collect$$libinit$$00000021          0x0800023a   Section        0  libinit2.o(.ARM.Collect$$libinit$$00000021)
    .ARM.Collect$$libinit$$00000023          0x0800023a   Section        0  libinit2.o(.ARM.Collect$$libinit$$00000023)
    .ARM.Collect$$libinit$$00000025          0x0800023a   Section        0  libinit2.o(.ARM.Collect$$libinit$$00000025)
    .ARM.Collect$$libinit$$00000027          0x0800023a   Section        0  libinit2.o(.ARM.Collect$$libinit$$00000027)
    .ARM.Collect$$libinit$$0000002E          0x0800023a   Section        0  libinit2.o(.ARM.Collect$$libinit$$0000002E)
    .ARM.Collect$$libinit$$00000030          0x0800023a   Section        0  libinit2.o(.ARM.Collect$$libinit$$00000030)
    .ARM.Collect$$libinit$$00000032          0x0800023a   Section        0  libinit2.o(.ARM.Collect$$libinit$$00000032)
    .ARM.Collect$$libinit$$00000034          0x0800023a   Section        0  libinit2.o(.ARM.Collect$$libinit$$00000034)
    .ARM.Collect$$libinit$$00000035          0x0800023a   Section        2  libinit2.o(.ARM.Collect$$libinit$$00000035)
    .ARM.Collect$$libshutdown$$00000000      0x0800023c   Section        2  libshutdown.o(.ARM.Collect$$libshutdown$$00000000)
    .ARM.Collect$$libshutdown$$00000002      0x0800023e   Section        0  libshutdown2.o(.ARM.Collect$$libshutdown$$00000002)
    .ARM.Collect$$libshutdown$$00000004      0x0800023e   Section        0  libshutdown2.o(.ARM.Collect$$libshutdown$$00000004)
    .ARM.Collect$$libshutdown$$00000007      0x0800023e   Section        0  libshutdown2.o(.ARM.Collect$$libshutdown$$00000007)
    .ARM.Collect$$libshutdown$$0000000A      0x0800023e   Section        0  libshutdown2.o(.ARM.Collect$$libshutdown$$0000000A)
    .ARM.Collect$$libshutdown$$0000000C      0x0800023e   Section        0  libshutdown2.o(.ARM.Collect$$libshutdown$$0000000C)
    .ARM.Collect$$libshutdown$$0000000F      0x0800023e   Section        0  libshutdown2.o(.ARM.Collect$$libshutdown$$0000000F)
    .ARM.Collect$$libshutdown$$00000010      0x0800023e   Section        2  libshutdown2.o(.ARM.Collect$$libshutdown$$00000010)
    .ARM.Collect$$rtentry$$00000000          0x08000240   Section        0  __rtentry.o(.ARM.Collect$$rtentry$$00000000)
    .ARM.Collect$$rtentry$$00000002          0x08000240   Section        0  __rtentry2.o(.ARM.Collect$$rtentry$$00000002)
    .ARM.Collect$$rtentry$$00000004          0x08000240   Section        6  __rtentry4.o(.ARM.Collect$$rtentry$$00000004)
    .ARM.Collect$$rtentry$$00000009          0x08000246   Section        0  __rtentry2.o(.ARM.Collect$$rtentry$$00000009)
    .ARM.Collect$$rtentry$$0000000A          0x08000246   Section        4  __rtentry2.o(.ARM.Collect$$rtentry$$0000000A)
    .ARM.Collect$$rtentry$$0000000C          0x0800024a   Section        0  __rtentry2.o(.ARM.Collect$$rtentry$$0000000C)
    .ARM.Collect$$rtentry$$0000000D          0x0800024a   Section        8  __rtentry2.o(.ARM.Collect$$rtentry$$0000000D)
    .ARM.Collect$$rtexit$$00000000           0x08000252   Section        2  rtexit.o(.ARM.Collect$$rtexit$$00000000)
    .ARM.Collect$$rtexit$$00000002           0x08000254   Section        0  rtexit2.o(.ARM.Collect$$rtexit$$00000002)
    .ARM.Collect$$rtexit$$00000003           0x08000254   Section        4  rtexit2.o(.ARM.Collect$$rtexit$$00000003)
    .ARM.Collect$$rtexit$$00000004           0x08000258   Section        6  rtexit2.o(.ARM.Collect$$rtexit$$00000004)
    .text                                    0x08000260   Section       64  startup_stm32f10x_md.o(.text)
    .text                                    0x080002a0   Section        0  sprintf.o(.text)
    .text                                    0x080002cc   Section        0  heapauxi.o(.text)
    .text                                    0x080002d2   Section        0  _printf_pad.o(.text)
    .text                                    0x08000320   Section        0  _printf_truncate.o(.text)
    .text                                    0x08000344   Section        0  _printf_str.o(.text)
    .text                                    0x08000398   Section        0  _printf_dec.o(.text)
    .text                                    0x08000410   Section        0  _printf_charcount.o(.text)
    _printf_input_char                       0x08000439   Thumb Code    10  _printf_char_common.o(.text)
    .text                                    0x08000438   Section        0  _printf_char_common.o(.text)
    .text                                    0x08000468   Section        0  _sputc.o(.text)
    .text                                    0x08000474   Section        0  _printf_wctomb.o(.text)
    .text                                    0x08000530   Section        0  _printf_longlong_dec.o(.text)
    _printf_longlong_oct_internal            0x080005ad   Thumb Code     0  _printf_oct_int_ll.o(.text)
    .text                                    0x080005ac   Section        0  _printf_oct_int_ll.o(.text)
    _printf_hex_common                       0x0800061d   Thumb Code     0  _printf_hex_int_ll_ptr.o(.text)
    .text                                    0x0800061c   Section        0  _printf_hex_int_ll_ptr.o(.text)
    .text                                    0x080006b0   Section        0  __printf_flags_ss_wp.o(.text)
    .text                                    0x08000838   Section      138  lludiv10.o(.text)
    .text                                    0x080008c2   Section        0  _printf_intcommon.o(.text)
    _fp_digits                               0x08000975   Thumb Code   432  _printf_fp_dec.o(.text)
    .text                                    0x08000974   Section        0  _printf_fp_dec.o(.text)
    .text                                    0x08000d90   Section        0  _printf_fp_hex.o(.text)
    .text                                    0x0800108c   Section        0  _printf_char.o(.text)
    .text                                    0x080010b8   Section        0  _printf_wchar.o(.text)
    .text                                    0x080010e4   Section        0  _c16rtomb.o(.text)
    .text                                    0x0800112c   Section       74  sys_stackheap_outer.o(.text)
    .text                                    0x08001178   Section       16  rt_ctype_table.o(.text)
    .text                                    0x08001188   Section        8  rt_locale_intlibspace.o(.text)
    .text                                    0x08001190   Section        0  _printf_fp_infnan.o(.text)
    .text                                    0x08001210   Section        0  bigflt0.o(.text)
    .text                                    0x080012f4   Section        0  exit.o(.text)
    .text                                    0x08001308   Section        8  libspace.o(.text)
    .text                                    0x08001310   Section      128  strcmpv7m.o(.text)
    .text                                    0x08001390   Section        0  sys_exit.o(.text)
    .text                                    0x0800139c   Section        2  use_no_semi.o(.text)
    .text                                    0x0800139e   Section        0  indicate_semi.o(.text)
    [Anonymous Symbol]                       0x080013a0   Section        0  main.o(.text.DelayMs)
    [Anonymous Symbol]                       0x080013f4   Section        0  main.o(.text.EEPROM_ReadByte)
    [Anonymous Symbol]                       0x08001554   Section        0  main.o(.text.EEPROM_WriteByte)
    [Anonymous Symbol]                       0x0800165c   Section        0  main.o(.text.GPIO_Config)
    [Anonymous Symbol]                       0x080016ac   Section        0  stm32f10x_gpio.o(.text.GPIO_Init)
    [Anonymous Symbol]                       0x08001834   Section        0  stm32f10x_i2c.o(.text.I2C_AcknowledgeConfig)
    [Anonymous Symbol]                       0x08001860   Section        0  stm32f10x_i2c.o(.text.I2C_CheckEvent)
    [Anonymous Symbol]                       0x080018b4   Section        0  stm32f10x_i2c.o(.text.I2C_Cmd)
    [Anonymous Symbol]                       0x080018e0   Section        0  main.o(.text.I2C_Config)
    [Anonymous Symbol]                       0x08001960   Section        0  stm32f10x_i2c.o(.text.I2C_GenerateSTART)
    [Anonymous Symbol]                       0x0800198c   Section        0  stm32f10x_i2c.o(.text.I2C_GenerateSTOP)
    [Anonymous Symbol]                       0x080019b8   Section        0  stm32f10x_i2c.o(.text.I2C_GetFlagStatus)
    [Anonymous Symbol]                       0x08001a1c   Section        0  stm32f10x_i2c.o(.text.I2C_Init)
    [Anonymous Symbol]                       0x08001bc8   Section        0  stm32f10x_i2c.o(.text.I2C_ReceiveData)
    [Anonymous Symbol]                       0x08001bd8   Section        0  stm32f10x_i2c.o(.text.I2C_Send7bitAddress)
    [Anonymous Symbol]                       0x08001c14   Section        0  stm32f10x_i2c.o(.text.I2C_SendData)
    [Anonymous Symbol]                       0x08001c28   Section        0  stm32f10x_rcc.o(.text.RCC_APB1PeriphClockCmd)
    [Anonymous Symbol]                       0x08001c60   Section        0  stm32f10x_rcc.o(.text.RCC_APB2PeriphClockCmd)
    [Anonymous Symbol]                       0x08001c98   Section        0  stm32f10x_rcc.o(.text.RCC_GetClocksFreq)
    SetSysClock                              0x08001e0d   Thumb Code     8  system_stm32f10x.o(.text.SetSysClock)
    [Anonymous Symbol]                       0x08001e0c   Section        0  system_stm32f10x.o(.text.SetSysClock)
    SetSysClockTo72                          0x08001e15   Thumb Code   290  system_stm32f10x.o(.text.SetSysClockTo72)
    [Anonymous Symbol]                       0x08001e14   Section        0  system_stm32f10x.o(.text.SetSysClockTo72)
    SysTick_Config                           0x08001f39   Thumb Code    82  main.o(.text.SysTick_Config)
    [Anonymous Symbol]                       0x08001f38   Section        0  main.o(.text.SysTick_Config)
    [Anonymous Symbol]                       0x08001f8c   Section        0  main.o(.text.SysTick_Handler)
    [Anonymous Symbol]                       0x08001fac   Section        0  system_stm32f10x.o(.text.SystemInit)
    [Anonymous Symbol]                       0x08002014   Section        0  stm32f10x_usart.o(.text.USART_Cmd)
    [Anonymous Symbol]                       0x08002040   Section        0  main.o(.text.USART_Config)
    [Anonymous Symbol]                       0x0800208c   Section        0  stm32f10x_usart.o(.text.USART_GetFlagStatus)
    [Anonymous Symbol]                       0x080020d0   Section        0  stm32f10x_usart.o(.text.USART_Init)
    [Anonymous Symbol]                       0x0800222c   Section        0  stm32f10x_usart.o(.text.USART_SendData)
    [Anonymous Symbol]                       0x08002244   Section        0  main.o(.text.USART_SendString)
    __NVIC_SetPriority                       0x08002285   Thumb Code    66  main.o(.text.__NVIC_SetPriority)
    [Anonymous Symbol]                       0x08002284   Section        0  main.o(.text.__NVIC_SetPriority)
    [Anonymous Symbol]                       0x080022c8   Section        0  main.o(.text.main)
    CL$$btod_d2e                             0x08002326   Section       62  btod.o(CL$$btod_d2e)
    CL$$btod_d2e_denorm_low                  0x08002364   Section       70  btod.o(CL$$btod_d2e_denorm_low)
    CL$$btod_d2e_norm_op1                    0x080023aa   Section       96  btod.o(CL$$btod_d2e_norm_op1)
    CL$$btod_div_common                      0x0800240c   Section      824  btod.o(CL$$btod_div_common)
    CL$$btod_e2e                             0x08002744   Section      220  btod.o(CL$$btod_e2e)
    CL$$btod_ediv                            0x08002820   Section       42  btod.o(CL$$btod_ediv)
    CL$$btod_emul                            0x0800284a   Section       42  btod.o(CL$$btod_emul)
    CL$$btod_mult_common                     0x08002874   Section      580  btod.o(CL$$btod_mult_common)
    i.__ARM_fpclassify                       0x08002ab8   Section        0  fpclassify.o(i.__ARM_fpclassify)
    i._is_digit                              0x08002ae0   Section        0  __printf_wp.o(i._is_digit)
    locale$$code                             0x08002af0   Section       44  lc_numeric_c.o(locale$$code)
    locale$$code                             0x08002b1c   Section       44  lc_ctype_c.o(locale$$code)
    x$fpl$printf1                            0x08002b48   Section        4  printf1.o(x$fpl$printf1)
    x$fpl$printf2                            0x08002b4c   Section        4  printf2.o(x$fpl$printf2)
    initial_mbstate                          0x08002b50   Data           8  _printf_wctomb.o(.constdata)
    .constdata                               0x08002b50   Section        8  _printf_wctomb.o(.constdata)
    x$fpl$usenofp                            0x08002b50   Section        0  usenofp.o(x$fpl$usenofp)
    uc_hextab                                0x08002b58   Data          20  _printf_hex_int_ll_ptr.o(.constdata)
    .constdata                               0x08002b58   Section       40  _printf_hex_int_ll_ptr.o(.constdata)
    lc_hextab                                0x08002b6c   Data          20  _printf_hex_int_ll_ptr.o(.constdata)
    maptable                                 0x08002b80   Data          17  __printf_flags_ss_wp.o(.constdata)
    .constdata                               0x08002b80   Section       17  __printf_flags_ss_wp.o(.constdata)
    lc_hextab                                0x08002b91   Data          19  _printf_fp_hex.o(.constdata)
    .constdata                               0x08002b91   Section       38  _printf_fp_hex.o(.constdata)
    uc_hextab                                0x08002ba4   Data          19  _printf_fp_hex.o(.constdata)
    tenpwrs_x                                0x08002bb8   Data          60  bigflt0.o(.constdata)
    .constdata                               0x08002bb8   Section      148  bigflt0.o(.constdata)
    tenpwrs_i                                0x08002bf4   Data          64  bigflt0.o(.constdata)
    ADCPrescTable                            0x08002c4c   Data           4  stm32f10x_rcc.o(.rodata.ADCPrescTable)
    [Anonymous Symbol]                       0x08002c4c   Section        0  stm32f10x_rcc.o(.rodata.ADCPrescTable)
    APBAHBPrescTable                         0x08002c50   Data          16  stm32f10x_rcc.o(.rodata.APBAHBPrescTable)
    [Anonymous Symbol]                       0x08002c50   Section        0  stm32f10x_rcc.o(.rodata.APBAHBPrescTable)
    .L.str.1                                 0x08002c60   Data           6  main.o(.rodata.str1.1)
    [Anonymous Symbol]                       0x08002c60   Section        0  main.o(.rodata.str1.1)
    .L.str                                   0x08002c66   Data           7  main.o(.rodata.str1.1)
    locale$$data                             0x08002c90   Section       28  lc_numeric_c.o(locale$$data)
    __lcnum_c_name                           0x08002c94   Data           2  lc_numeric_c.o(locale$$data)
    __lcnum_c_start                          0x08002c9c   Data           0  lc_numeric_c.o(locale$$data)
    __lcnum_c_point                          0x08002ca8   Data           0  lc_numeric_c.o(locale$$data)
    __lcnum_c_thousands                      0x08002caa   Data           0  lc_numeric_c.o(locale$$data)
    __lcnum_c_grouping                       0x08002cab   Data           0  lc_numeric_c.o(locale$$data)
    __lcnum_c_end                            0x08002cac   Data           0  lc_numeric_c.o(locale$$data)
    locale$$data                             0x08002cac   Section      272  lc_ctype_c.o(locale$$data)
    __lcctype_c_name                         0x08002cb0   Data           2  lc_ctype_c.o(locale$$data)
    __lcctype_c_start                        0x08002cb8   Data           0  lc_ctype_c.o(locale$$data)
    __lcctype_c_end                          0x08002dbc   Data           0  lc_ctype_c.o(locale$$data)
    .bss                                     0x20000008   Section       96  libspace.o(.bss)
    Heap_Mem                                 0x20000070   Data         512  startup_stm32f10x_md.o(HEAP)
    HEAP                                     0x20000070   Section      512  startup_stm32f10x_md.o(HEAP)
    Stack_Mem                                0x20000270   Data        1024  startup_stm32f10x_md.o(STACK)
    STACK                                    0x20000270   Section     1024  startup_stm32f10x_md.o(STACK)
    __initial_sp                             0x20000670   Data           0  startup_stm32f10x_md.o(STACK)

    Global Symbols

    Symbol Name                              Value     Ov Type        Size  Object(Section)

    BuildAttributes$$THM_ISAv4$P$D$K$B$S$PE$A:L22UL41UL21$X:L11$S22US41US21$IEEE1$IW$~IW$USESV6$~STKCKD$USESV7$~SHL$OTIME$ROPI$IEEEJ$EBA8$UX$STANDARDLIB$REQ8$PRES8$EABIv2 0x00000000   Number         0  anon$$obj.o ABSOLUTE
    __fp_init_empty                          0x00000000   Number         0  fpinit_empty.o ABSOLUTE
    _printf_flags                            0x00000000   Number         0  printf_stubs.o ABSOLUTE
    _printf_return_value                     0x00000000   Number         0  printf_stubs.o ABSOLUTE
    _printf_sizespec                         0x00000000   Number         0  printf_stubs.o ABSOLUTE
    _printf_widthprec                        0x00000000   Number         0  printf_stubs.o ABSOLUTE
    __ARM_exceptions_init                     - Undefined Weak Reference
    __alloca_initialize                       - Undefined Weak Reference
    __arm_preinit_                            - Undefined Weak Reference
    __arm_relocate_pie_                       - Undefined Weak Reference
    __cpp_initialize__aeabi_                  - Undefined Weak Reference
    __cxa_finalize                            - Undefined Weak Reference
    __sigvec_lookup                           - Undefined Weak Reference
    _atexit_init                              - Undefined Weak Reference
    _call_atexit_fns                          - Undefined Weak Reference
    _clock_init                               - Undefined Weak Reference
    _fp_trap_init                             - Undefined Weak Reference
    _fp_trap_shutdown                         - Undefined Weak Reference
    _get_lc_collate                           - Undefined Weak Reference
    _get_lc_monetary                          - Undefined Weak Reference
    _get_lc_time                              - Undefined Weak Reference
    _getenv_init                              - Undefined Weak Reference
    _handle_redirection                       - Undefined Weak Reference
    _init_alloc                               - Undefined Weak Reference
    _init_user_alloc                          - Undefined Weak Reference
    _initio                                   - Undefined Weak Reference
    _printf_mbtowc                            - Undefined Weak Reference
    _printf_wc                                - Undefined Weak Reference
    _rand_init                                - Undefined Weak Reference
    _signal_finish                            - Undefined Weak Reference
    _signal_init                              - Undefined Weak Reference
    _terminate_alloc                          - Undefined Weak Reference
    _terminate_user_alloc                     - Undefined Weak Reference
    _terminateio                              - Undefined Weak Reference
    __Vectors_Size                           0x000000ec   Number         0  startup_stm32f10x_md.o ABSOLUTE
    __Vectors                                0x08000000   Data           4  startup_stm32f10x_md.o(RESET)
    __Vectors_End                            0x080000ec   Data           0  startup_stm32f10x_md.o(RESET)
    __main                                   0x080000ed   Thumb Code     8  __main.o(!!!main)
    __scatterload                            0x080000f5   Thumb Code     0  __scatter.o(!!!scatter)
    __scatterload_rt2                        0x080000f5   Thumb Code    84  __scatter.o(!!!scatter)
    __scatterload_rt2_thumb_only             0x080000f5   Thumb Code     0  __scatter.o(!!!scatter)
    __scatterload_loop                       0x080000ff   Thumb Code     0  __scatter.o(!!!scatter)
    __scatterload_copy                       0x08000151   Thumb Code    26  __scatter_copy.o(!!handler_copy)
    __scatterload_null                       0x0800016d   Thumb Code     2  __scatter.o(!!handler_null)
    __scatterload_zeroinit                   0x08000171   Thumb Code    28  __scatter_zi.o(!!handler_zi)
    _printf_n                                0x0800018d   Thumb Code     0  _printf_n.o(.ARM.Collect$$_printf_percent$$00000001)
    _printf_percent                          0x0800018d   Thumb Code     0  _printf_percent.o(.ARM.Collect$$_printf_percent$$00000000)
    _printf_p                                0x08000193   Thumb Code     0  _printf_p.o(.ARM.Collect$$_printf_percent$$00000002)
    _printf_f                                0x08000199   Thumb Code     0  _printf_f.o(.ARM.Collect$$_printf_percent$$00000003)
    _printf_e                                0x0800019f   Thumb Code     0  _printf_e.o(.ARM.Collect$$_printf_percent$$00000004)
    _printf_g                                0x080001a5   Thumb Code     0  _printf_g.o(.ARM.Collect$$_printf_percent$$00000005)
    _printf_a                                0x080001ab   Thumb Code     0  _printf_a.o(.ARM.Collect$$_printf_percent$$00000006)
    _printf_ll                               0x080001b1   Thumb Code     0  _printf_ll.o(.ARM.Collect$$_printf_percent$$00000007)
    _printf_i                                0x080001bb   Thumb Code     0  _printf_i.o(.ARM.Collect$$_printf_percent$$00000008)
    _printf_d                                0x080001c1   Thumb Code     0  _printf_d.o(.ARM.Collect$$_printf_percent$$00000009)
    _printf_u                                0x080001c7   Thumb Code     0  _printf_u.o(.ARM.Collect$$_printf_percent$$0000000A)
    _printf_o                                0x080001cd   Thumb Code     0  _printf_o.o(.ARM.Collect$$_printf_percent$$0000000B)
    _printf_x                                0x080001d3   Thumb Code     0  _printf_x.o(.ARM.Collect$$_printf_percent$$0000000C)
    _printf_lli                              0x080001d9   Thumb Code     0  _printf_lli.o(.ARM.Collect$$_printf_percent$$0000000D)
    _printf_lld                              0x080001df   Thumb Code     0  _printf_lld.o(.ARM.Collect$$_printf_percent$$0000000E)
    _printf_llu                              0x080001e5   Thumb Code     0  _printf_llu.o(.ARM.Collect$$_printf_percent$$0000000F)
    _printf_llo                              0x080001eb   Thumb Code     0  _printf_llo.o(.ARM.Collect$$_printf_percent$$00000010)
    _printf_llx                              0x080001f1   Thumb Code     0  _printf_llx.o(.ARM.Collect$$_printf_percent$$00000011)
    _printf_l                                0x080001f7   Thumb Code     0  _printf_l.o(.ARM.Collect$$_printf_percent$$00000012)
    _printf_c                                0x08000201   Thumb Code     0  _printf_c.o(.ARM.Collect$$_printf_percent$$00000013)
    _printf_s                                0x08000207   Thumb Code     0  _printf_s.o(.ARM.Collect$$_printf_percent$$00000014)
    _printf_lc                               0x0800020d   Thumb Code     0  _printf_lc.o(.ARM.Collect$$_printf_percent$$00000015)
    _printf_ls                               0x08000213   Thumb Code     0  _printf_ls.o(.ARM.Collect$$_printf_percent$$00000016)
    _printf_percent_end                      0x08000219   Thumb Code     0  _printf_percent_end.o(.ARM.Collect$$_printf_percent$$00000017)
    __rt_lib_init                            0x0800021d   Thumb Code     0  libinit.o(.ARM.Collect$$libinit$$00000000)
    __rt_lib_init_fp_1                       0x0800021f   Thumb Code     0  libinit2.o(.ARM.Collect$$libinit$$00000002)
    __rt_lib_init_heap_1                     0x0800021f   Thumb Code     0  libinit2.o(.ARM.Collect$$libinit$$0000000C)
    __rt_lib_init_lc_common                  0x0800021f   Thumb Code     0  libinit2.o(.ARM.Collect$$libinit$$00000011)
    __rt_lib_init_preinit_1                  0x0800021f   Thumb Code     0  libinit2.o(.ARM.Collect$$libinit$$00000006)
    __rt_lib_init_rand_1                     0x0800021f   Thumb Code     0  libinit2.o(.ARM.Collect$$libinit$$00000010)
    __rt_lib_init_relocate_pie_1             0x0800021f   Thumb Code     0  libinit2.o(.ARM.Collect$$libinit$$00000004)
    __rt_lib_init_user_alloc_1               0x0800021f   Thumb Code     0  libinit2.o(.ARM.Collect$$libinit$$0000000E)
    __rt_lib_init_lc_collate_1               0x08000225   Thumb Code     0  libinit2.o(.ARM.Collect$$libinit$$00000013)
    __rt_lib_init_lc_ctype_2                 0x08000225   Thumb Code     0  libinit2.o(.ARM.Collect$$libinit$$00000014)
    __rt_lib_init_lc_ctype_1                 0x08000231   Thumb Code     0  libinit2.o(.ARM.Collect$$libinit$$00000015)
    __rt_lib_init_lc_monetary_1              0x08000231   Thumb Code     0  libinit2.o(.ARM.Collect$$libinit$$00000017)
    __rt_lib_init_lc_numeric_2               0x08000231   Thumb Code     0  libinit2.o(.ARM.Collect$$libinit$$00000018)
    __rt_lib_init_alloca_1                   0x0800023b   Thumb Code     0  libinit2.o(.ARM.Collect$$libinit$$00000030)
    __rt_lib_init_argv_1                     0x0800023b   Thumb Code     0  libinit2.o(.ARM.Collect$$libinit$$0000002E)
    __rt_lib_init_atexit_1                   0x0800023b   Thumb Code     0  libinit2.o(.ARM.Collect$$libinit$$0000001D)
    __rt_lib_init_clock_1                    0x0800023b   Thumb Code     0  libinit2.o(.ARM.Collect$$libinit$$00000023)
    __rt_lib_init_cpp_1                      0x0800023b   Thumb Code     0  libinit2.o(.ARM.Collect$$libinit$$00000034)
    __rt_lib_init_exceptions_1               0x0800023b   Thumb Code     0  libinit2.o(.ARM.Collect$$libinit$$00000032)
    __rt_lib_init_fp_trap_1                  0x0800023b   Thumb Code     0  libinit2.o(.ARM.Collect$$libinit$$00000021)
    __rt_lib_init_getenv_1                   0x0800023b   Thumb Code     0  libinit2.o(.ARM.Collect$$libinit$$00000025)
    __rt_lib_init_lc_numeric_1               0x0800023b   Thumb Code     0  libinit2.o(.ARM.Collect$$libinit$$00000019)
    __rt_lib_init_lc_time_1                  0x0800023b   Thumb Code     0  libinit2.o(.ARM.Collect$$libinit$$0000001B)
    __rt_lib_init_return                     0x0800023b   Thumb Code     0  libinit2.o(.ARM.Collect$$libinit$$00000035)
    __rt_lib_init_signal_1                   0x0800023b   Thumb Code     0  libinit2.o(.ARM.Collect$$libinit$$0000001F)
    __rt_lib_init_stdio_1                    0x0800023b   Thumb Code     0  libinit2.o(.ARM.Collect$$libinit$$00000027)
    __rt_lib_shutdown                        0x0800023d   Thumb Code     0  libshutdown.o(.ARM.Collect$$libshutdown$$00000000)
    __rt_lib_shutdown_cpp_1                  0x0800023f   Thumb Code     0  libshutdown2.o(.ARM.Collect$$libshutdown$$00000002)
    __rt_lib_shutdown_fp_trap_1              0x0800023f   Thumb Code     0  libshutdown2.o(.ARM.Collect$$libshutdown$$00000007)
    __rt_lib_shutdown_heap_1                 0x0800023f   Thumb Code     0  libshutdown2.o(.ARM.Collect$$libshutdown$$0000000F)
    __rt_lib_shutdown_return                 0x0800023f   Thumb Code     0  libshutdown2.o(.ARM.Collect$$libshutdown$$00000010)
    __rt_lib_shutdown_signal_1               0x0800023f   Thumb Code     0  libshutdown2.o(.ARM.Collect$$libshutdown$$0000000A)
    __rt_lib_shutdown_stdio_1                0x0800023f   Thumb Code     0  libshutdown2.o(.ARM.Collect$$libshutdown$$00000004)
    __rt_lib_shutdown_user_alloc_1           0x0800023f   Thumb Code     0  libshutdown2.o(.ARM.Collect$$libshutdown$$0000000C)
    __rt_entry                               0x08000241   Thumb Code     0  __rtentry.o(.ARM.Collect$$rtentry$$00000000)
    __rt_entry_presh_1                       0x08000241   Thumb Code     0  __rtentry2.o(.ARM.Collect$$rtentry$$00000002)
    __rt_entry_sh                            0x08000241   Thumb Code     0  __rtentry4.o(.ARM.Collect$$rtentry$$00000004)
    __rt_entry_li                            0x08000247   Thumb Code     0  __rtentry2.o(.ARM.Collect$$rtentry$$0000000A)
    __rt_entry_postsh_1                      0x08000247   Thumb Code     0  __rtentry2.o(.ARM.Collect$$rtentry$$00000009)
    __rt_entry_main                          0x0800024b   Thumb Code     0  __rtentry2.o(.ARM.Collect$$rtentry$$0000000D)
    __rt_entry_postli_1                      0x0800024b   Thumb Code     0  __rtentry2.o(.ARM.Collect$$rtentry$$0000000C)
    __rt_exit                                0x08000253   Thumb Code     0  rtexit.o(.ARM.Collect$$rtexit$$00000000)
    __rt_exit_ls                             0x08000255   Thumb Code     0  rtexit2.o(.ARM.Collect$$rtexit$$00000003)
    __rt_exit_prels_1                        0x08000255   Thumb Code     0  rtexit2.o(.ARM.Collect$$rtexit$$00000002)
    __rt_exit_exit                           0x08000259   Thumb Code     0  rtexit2.o(.ARM.Collect$$rtexit$$00000004)
    Reset_Handler                            0x08000261   Thumb Code     8  startup_stm32f10x_md.o(.text)
    NMI_Handler                              0x08000269   Thumb Code     2  startup_stm32f10x_md.o(.text)
    HardFault_Handler                        0x0800026b   Thumb Code     2  startup_stm32f10x_md.o(.text)
    MemManage_Handler                        0x0800026d   Thumb Code     2  startup_stm32f10x_md.o(.text)
    BusFault_Handler                         0x0800026f   Thumb Code     2  startup_stm32f10x_md.o(.text)
    UsageFault_Handler                       0x08000271   Thumb Code     2  startup_stm32f10x_md.o(.text)
    SVC_Handler                              0x08000273   Thumb Code     2  startup_stm32f10x_md.o(.text)
    DebugMon_Handler                         0x08000275   Thumb Code     2  startup_stm32f10x_md.o(.text)
    PendSV_Handler                           0x08000277   Thumb Code     2  startup_stm32f10x_md.o(.text)
    ADC1_2_IRQHandler                        0x0800027b   Thumb Code     0  startup_stm32f10x_md.o(.text)
    CAN1_RX1_IRQHandler                      0x0800027b   Thumb Code     0  startup_stm32f10x_md.o(.text)
    CAN1_SCE_IRQHandler                      0x0800027b   Thumb Code     0  startup_stm32f10x_md.o(.text)
    DMA1_Channel1_IRQHandler                 0x0800027b   Thumb Code     0  startup_stm32f10x_md.o(.text)
    DMA1_Channel2_IRQHandler                 0x0800027b   Thumb Code     0  startup_stm32f10x_md.o(.text)
    DMA1_Channel3_IRQHandler                 0x0800027b   Thumb Code     0  startup_stm32f10x_md.o(.text)
    DMA1_Channel4_IRQHandler                 0x0800027b   Thumb Code     0  startup_stm32f10x_md.o(.text)
    DMA1_Channel5_IRQHandler                 0x0800027b   Thumb Code     0  startup_stm32f10x_md.o(.text)
    DMA1_Channel6_IRQHandler                 0x0800027b   Thumb Code     0  startup_stm32f10x_md.o(.text)
    DMA1_Channel7_IRQHandler                 0x0800027b   Thumb Code     0  startup_stm32f10x_md.o(.text)
    EXTI0_IRQHandler                         0x0800027b   Thumb Code     0  startup_stm32f10x_md.o(.text)
    EXTI15_10_IRQHandler                     0x0800027b   Thumb Code     0  startup_stm32f10x_md.o(.text)
    EXTI1_IRQHandler                         0x0800027b   Thumb Code     0  startup_stm32f10x_md.o(.text)
    EXTI2_IRQHandler                         0x0800027b   Thumb Code     0  startup_stm32f10x_md.o(.text)
    EXTI3_IRQHandler                         0x0800027b   Thumb Code     0  startup_stm32f10x_md.o(.text)
    EXTI4_IRQHandler                         0x0800027b   Thumb Code     0  startup_stm32f10x_md.o(.text)
    EXTI9_5_IRQHandler                       0x0800027b   Thumb Code     0  startup_stm32f10x_md.o(.text)
    FLASH_IRQHandler                         0x0800027b   Thumb Code     0  startup_stm32f10x_md.o(.text)
    I2C1_ER_IRQHandler                       0x0800027b   Thumb Code     0  startup_stm32f10x_md.o(.text)
    I2C1_EV_IRQHandler                       0x0800027b   Thumb Code     0  startup_stm32f10x_md.o(.text)
    I2C2_ER_IRQHandler                       0x0800027b   Thumb Code     0  startup_stm32f10x_md.o(.text)
    I2C2_EV_IRQHandler                       0x0800027b   Thumb Code     0  startup_stm32f10x_md.o(.text)
    PVD_IRQHandler                           0x0800027b   Thumb Code     0  startup_stm32f10x_md.o(.text)
    RCC_IRQHandler                           0x0800027b   Thumb Code     0  startup_stm32f10x_md.o(.text)
    RTCAlarm_IRQHandler                      0x0800027b   Thumb Code     0  startup_stm32f10x_md.o(.text)
    RTC_IRQHandler                           0x0800027b   Thumb Code     0  startup_stm32f10x_md.o(.text)
    SPI1_IRQHandler                          0x0800027b   Thumb Code     0  startup_stm32f10x_md.o(.text)
    SPI2_IRQHandler                          0x0800027b   Thumb Code     0  startup_stm32f10x_md.o(.text)
    TAMPER_IRQHandler                        0x0800027b   Thumb Code     0  startup_stm32f10x_md.o(.text)
    TIM1_BRK_IRQHandler                      0x0800027b   Thumb Code     0  startup_stm32f10x_md.o(.text)
    TIM1_CC_IRQHandler                       0x0800027b   Thumb Code     0  startup_stm32f10x_md.o(.text)
    TIM1_TRG_COM_IRQHandler                  0x0800027b   Thumb Code     0  startup_stm32f10x_md.o(.text)
    TIM1_UP_IRQHandler                       0x0800027b   Thumb Code     0  startup_stm32f10x_md.o(.text)
    TIM2_IRQHandler                          0x0800027b   Thumb Code     0  startup_stm32f10x_md.o(.text)
    TIM3_IRQHandler                          0x0800027b   Thumb Code     0  startup_stm32f10x_md.o(.text)
    TIM4_IRQHandler                          0x0800027b   Thumb Code     0  startup_stm32f10x_md.o(.text)
    USART1_IRQHandler                        0x0800027b   Thumb Code     0  startup_stm32f10x_md.o(.text)
    USART2_IRQHandler                        0x0800027b   Thumb Code     0  startup_stm32f10x_md.o(.text)
    USART3_IRQHandler                        0x0800027b   Thumb Code     0  startup_stm32f10x_md.o(.text)
    USBWakeUp_IRQHandler                     0x0800027b   Thumb Code     0  startup_stm32f10x_md.o(.text)
    USB_HP_CAN1_TX_IRQHandler                0x0800027b   Thumb Code     0  startup_stm32f10x_md.o(.text)
    USB_LP_CAN1_RX0_IRQHandler               0x0800027b   Thumb Code     0  startup_stm32f10x_md.o(.text)
    WWDG_IRQHandler                          0x0800027b   Thumb Code     0  startup_stm32f10x_md.o(.text)
    __user_initial_stackheap                 0x0800027d   Thumb Code     0  startup_stm32f10x_md.o(.text)
    sprintf                                  0x080002a1   Thumb Code    38  sprintf.o(.text)
    __use_two_region_memory                  0x080002cd   Thumb Code     2  heapauxi.o(.text)
    __rt_heap_escrow$2region                 0x080002cf   Thumb Code     2  heapauxi.o(.text)
    __rt_heap_expand$2region                 0x080002d1   Thumb Code     2  heapauxi.o(.text)
    _printf_pre_padding                      0x080002d3   Thumb Code    44  _printf_pad.o(.text)
    _printf_post_padding                     0x080002ff   Thumb Code    34  _printf_pad.o(.text)
    _printf_truncate_signed                  0x08000321   Thumb Code    18  _printf_truncate.o(.text)
    _printf_truncate_unsigned                0x08000333   Thumb Code    18  _printf_truncate.o(.text)
    _printf_str                              0x08000345   Thumb Code    82  _printf_str.o(.text)
    _printf_int_dec                          0x08000399   Thumb Code   104  _printf_dec.o(.text)
    _printf_charcount                        0x08000411   Thumb Code    40  _printf_charcount.o(.text)
    _printf_char_common                      0x08000443   Thumb Code    32  _printf_char_common.o(.text)
    _sputc                                   0x08000469   Thumb Code    10  _sputc.o(.text)
    _printf_wctomb                           0x08000475   Thumb Code   182  _printf_wctomb.o(.text)
    _printf_longlong_dec                     0x08000531   Thumb Code   108  _printf_longlong_dec.o(.text)
    _printf_longlong_oct                     0x080005ad   Thumb Code    68  _printf_oct_int_ll.o(.text)
    _printf_int_oct                          0x080005f1   Thumb Code    24  _printf_oct_int_ll.o(.text)
    _printf_ll_oct                           0x08000609   Thumb Code    12  _printf_oct_int_ll.o(.text)
    _printf_longlong_hex                     0x0800061d   Thumb Code    86  _printf_hex_int_ll_ptr.o(.text)
    _printf_int_hex                          0x08000673   Thumb Code    28  _printf_hex_int_ll_ptr.o(.text)
    _printf_ll_hex                           0x0800068f   Thumb Code    12  _printf_hex_int_ll_ptr.o(.text)
    _printf_hex_ptr                          0x0800069b   Thumb Code    18  _printf_hex_int_ll_ptr.o(.text)
    __printf                                 0x080006b1   Thumb Code   388  __printf_flags_ss_wp.o(.text)
    _ll_udiv10                               0x08000839   Thumb Code   138  lludiv10.o(.text)
    _printf_int_common                       0x080008c3   Thumb Code   178  _printf_intcommon.o(.text)
    _printf_fp_dec_real                      0x08000b25   Thumb Code   620  _printf_fp_dec.o(.text)
    _printf_fp_hex_real                      0x08000d91   Thumb Code   756  _printf_fp_hex.o(.text)
    _printf_cs_common                        0x0800108d   Thumb Code    20  _printf_char.o(.text)
    _printf_char                             0x080010a1   Thumb Code    16  _printf_char.o(.text)
    _printf_string                           0x080010b1   Thumb Code     8  _printf_char.o(.text)
    _printf_lcs_common                       0x080010b9   Thumb Code    20  _printf_wchar.o(.text)
    _printf_wchar                            0x080010cd   Thumb Code    16  _printf_wchar.o(.text)
    _printf_wstring                          0x080010dd   Thumb Code     8  _printf_wchar.o(.text)
    _c16rtomb                                0x080010e5   Thumb Code    72  _c16rtomb.o(.text)
    _wcrtomb                                 0x080010e5   Thumb Code     0  _c16rtomb.o(.text)
    __user_setup_stackheap                   0x0800112d   Thumb Code    74  sys_stackheap_outer.o(.text)
    __rt_ctype_table                         0x08001179   Thumb Code    16  rt_ctype_table.o(.text)
    __rt_locale                              0x08001189   Thumb Code     8  rt_locale_intlibspace.o(.text)
    _printf_fp_infnan                        0x08001191   Thumb Code   112  _printf_fp_infnan.o(.text)
    _btod_etento                             0x08001211   Thumb Code   224  bigflt0.o(.text)
    exit                                     0x080012f5   Thumb Code    18  exit.o(.text)
    __user_libspace                          0x08001309   Thumb Code     8  libspace.o(.text)
    __user_perproc_libspace                  0x08001309   Thumb Code     0  libspace.o(.text)
    __user_perthread_libspace                0x08001309   Thumb Code     0  libspace.o(.text)
    strcmp                                   0x08001311   Thumb Code   128  strcmpv7m.o(.text)
    _sys_exit                                0x08001391   Thumb Code     8  sys_exit.o(.text)
    __I$use$semihosting                      0x0800139d   Thumb Code     0  use_no_semi.o(.text)
    __use_no_semihosting_swi                 0x0800139d   Thumb Code     2  use_no_semi.o(.text)
    __semihosting_library_function           0x0800139f   Thumb Code     0  indicate_semi.o(.text)
    DelayMs                                  0x080013a1   Thumb Code    84  main.o(.text.DelayMs)
    EEPROM_ReadByte                          0x080013f5   Thumb Code   350  main.o(.text.EEPROM_ReadByte)
    EEPROM_WriteByte                         0x08001555   Thumb Code   262  main.o(.text.EEPROM_WriteByte)
    GPIO_Config                              0x0800165d   Thumb Code    78  main.o(.text.GPIO_Config)
    GPIO_Init                                0x080016ad   Thumb Code   390  stm32f10x_gpio.o(.text.GPIO_Init)
    I2C_AcknowledgeConfig                    0x08001835   Thumb Code    44  stm32f10x_i2c.o(.text.I2C_AcknowledgeConfig)
    I2C_CheckEvent                           0x08001861   Thumb Code    84  stm32f10x_i2c.o(.text.I2C_CheckEvent)
    I2C_Cmd                                  0x080018b5   Thumb Code    44  stm32f10x_i2c.o(.text.I2C_Cmd)
    I2C_Config                               0x080018e1   Thumb Code   128  main.o(.text.I2C_Config)
    I2C_GenerateSTART                        0x08001961   Thumb Code    44  stm32f10x_i2c.o(.text.I2C_GenerateSTART)
    I2C_GenerateSTOP                         0x0800198d   Thumb Code    44  stm32f10x_i2c.o(.text.I2C_GenerateSTOP)
    I2C_GetFlagStatus                        0x080019b9   Thumb Code    98  stm32f10x_i2c.o(.text.I2C_GetFlagStatus)
    I2C_Init                                 0x08001a1d   Thumb Code   426  stm32f10x_i2c.o(.text.I2C_Init)
    I2C_ReceiveData                          0x08001bc9   Thumb Code    14  stm32f10x_i2c.o(.text.I2C_ReceiveData)
    I2C_Send7bitAddress                      0x08001bd9   Thumb Code    60  stm32f10x_i2c.o(.text.I2C_Send7bitAddress)
    I2C_SendData                             0x08001c15   Thumb Code    20  stm32f10x_i2c.o(.text.I2C_SendData)
    RCC_APB1PeriphClockCmd                   0x08001c29   Thumb Code    56  stm32f10x_rcc.o(.text.RCC_APB1PeriphClockCmd)
    RCC_APB2PeriphClockCmd                   0x08001c61   Thumb Code    56  stm32f10x_rcc.o(.text.RCC_APB2PeriphClockCmd)
    RCC_GetClocksFreq                        0x08001c99   Thumb Code   370  stm32f10x_rcc.o(.text.RCC_GetClocksFreq)
    SysTick_Handler                          0x08001f8d   Thumb Code    32  main.o(.text.SysTick_Handler)
    SystemInit                               0x08001fad   Thumb Code   102  system_stm32f10x.o(.text.SystemInit)
    USART_Cmd                                0x08002015   Thumb Code    44  stm32f10x_usart.o(.text.USART_Cmd)
    USART_Config                             0x08002041   Thumb Code    74  main.o(.text.USART_Config)
    USART_GetFlagStatus                      0x0800208d   Thumb Code    68  stm32f10x_usart.o(.text.USART_GetFlagStatus)
    USART_Init                               0x080020d1   Thumb Code   348  stm32f10x_usart.o(.text.USART_Init)
    USART_SendData                           0x0800222d   Thumb Code    24  stm32f10x_usart.o(.text.USART_SendData)
    USART_SendString                         0x08002245   Thumb Code    64  main.o(.text.USART_SendString)
    main                                     0x080022c9   Thumb Code    94  main.o(.text.main)
    _btod_d2e                                0x08002327   Thumb Code    62  btod.o(CL$$btod_d2e)
    _d2e_denorm_low                          0x08002365   Thumb Code    70  btod.o(CL$$btod_d2e_denorm_low)
    _d2e_norm_op1                            0x080023ab   Thumb Code    96  btod.o(CL$$btod_d2e_norm_op1)
    __btod_div_common                        0x0800240d   Thumb Code   696  btod.o(CL$$btod_div_common)
    _e2e                                     0x08002745   Thumb Code   220  btod.o(CL$$btod_e2e)
    _btod_ediv                               0x08002821   Thumb Code    42  btod.o(CL$$btod_ediv)
    _btod_emul                               0x0800284b   Thumb Code    42  btod.o(CL$$btod_emul)
    __btod_mult_common                       0x08002875   Thumb Code   580  btod.o(CL$$btod_mult_common)
    __ARM_fpclassify                         0x08002ab9   Thumb Code    40  fpclassify.o(i.__ARM_fpclassify)
    _is_digit                                0x08002ae1   Thumb Code    14  __printf_wp.o(i._is_digit)
    _get_lc_numeric                          0x08002af1   Thumb Code    44  lc_numeric_c.o(locale$$code)
    _get_lc_ctype                            0x08002b1d   Thumb Code    44  lc_ctype_c.o(locale$$code)
    _printf_fp_dec                           0x08002b49   Thumb Code     4  printf1.o(x$fpl$printf1)
    _printf_fp_hex                           0x08002b4d   Thumb Code     4  printf2.o(x$fpl$printf2)
    __I$use$fp                               0x08002b50   Number         0  usenofp.o(x$fpl$usenofp)
    Region$$Table$$Base                      0x08002c70   Number         0  anon$$obj.o(Region$$Table)
    Region$$Table$$Limit                     0x08002c90   Number         0  anon$$obj.o(Region$$Table)
    __ctype                                  0x08002cb9   Data           0  lc_ctype_c.o(locale$$data)
    SystemCoreClock                          0x20000000   Data           4  system_stm32f10x.o(.data.SystemCoreClock)
    __libspace_start                         0x20000008   Data          96  libspace.o(.bss)
    TimingDelay                              0x20000068   Data           4  main.o(.bss.TimingDelay)
    __temporary_stack_top$libspace           0x20000068   Data           0  libspace.o(.bss)



==============================================================================

Memory Map of the image

  Image Entry point : 0x080000ed

  Load Region LR_IROM1 (Base: 0x08000000, Size: 0x00002dc8, Max: 0x00010000, ABSOLUTE)

    Execution Region ER_IROM1 (Exec base: 0x08000000, Load base: 0x08000000, Size: 0x00002dbc, Max: 0x00010000, ABSOLUTE)

    Exec Addr    Load Addr    Size         Type   Attr      Idx    E Section Name        Object

    0x08000000   0x08000000   0x000000ec   Data   RO          518    RESET               startup_stm32f10x_md.o
    0x080000ec   0x080000ec   0x00000008   Code   RO          548  * !!!main             c_w.l(__main.o)
    0x080000f4   0x080000f4   0x0000005c   Code   RO          885    !!!scatter          c_w.l(__scatter.o)
    0x08000150   0x08000150   0x0000001a   Code   RO          889    !!handler_copy      c_w.l(__scatter_copy.o)
    0x0800016a   0x0800016a   0x00000002   PAD
    0x0800016c   0x0800016c   0x00000002   Code   RO          886    !!handler_null      c_w.l(__scatter.o)
    0x0800016e   0x0800016e   0x00000002   PAD
    0x08000170   0x08000170   0x0000001c   Code   RO          891    !!handler_zi        c_w.l(__scatter_zi.o)
    0x0800018c   0x0800018c   0x00000000   Code   RO          632    .ARM.Collect$$_printf_percent$$00000000  c_w.l(_printf_percent.o)
    0x0800018c   0x0800018c   0x00000006   Code   RO          621    .ARM.Collect$$_printf_percent$$00000001  c_w.l(_printf_n.o)
    0x08000192   0x08000192   0x00000006   Code   RO          623    .ARM.Collect$$_printf_percent$$00000002  c_w.l(_printf_p.o)
    0x08000198   0x08000198   0x00000006   Code   RO          628    .ARM.Collect$$_printf_percent$$00000003  c_w.l(_printf_f.o)
    0x0800019e   0x0800019e   0x00000006   Code   RO          629    .ARM.Collect$$_printf_percent$$00000004  c_w.l(_printf_e.o)
    0x080001a4   0x080001a4   0x00000006   Code   RO          630    .ARM.Collect$$_printf_percent$$00000005  c_w.l(_printf_g.o)
    0x080001aa   0x080001aa   0x00000006   Code   RO          631    .ARM.Collect$$_printf_percent$$00000006  c_w.l(_printf_a.o)
    0x080001b0   0x080001b0   0x0000000a   Code   RO          636    .ARM.Collect$$_printf_percent$$00000007  c_w.l(_printf_ll.o)
    0x080001ba   0x080001ba   0x00000006   Code   RO          625    .ARM.Collect$$_printf_percent$$00000008  c_w.l(_printf_i.o)
    0x080001c0   0x080001c0   0x00000006   Code   RO          626    .ARM.Collect$$_printf_percent$$00000009  c_w.l(_printf_d.o)
    0x080001c6   0x080001c6   0x00000006   Code   RO          627    .ARM.Collect$$_printf_percent$$0000000A  c_w.l(_printf_u.o)
    0x080001cc   0x080001cc   0x00000006   Code   RO          624    .ARM.Collect$$_printf_percent$$0000000B  c_w.l(_printf_o.o)
    0x080001d2   0x080001d2   0x00000006   Code   RO          622    .ARM.Collect$$_printf_percent$$0000000C  c_w.l(_printf_x.o)
    0x080001d8   0x080001d8   0x00000006   Code   RO          633    .ARM.Collect$$_printf_percent$$0000000D  c_w.l(_printf_lli.o)
    0x080001de   0x080001de   0x00000006   Code   RO          634    .ARM.Collect$$_printf_percent$$0000000E  c_w.l(_printf_lld.o)
    0x080001e4   0x080001e4   0x00000006   Code   RO          635    .ARM.Collect$$_printf_percent$$0000000F  c_w.l(_printf_llu.o)
    0x080001ea   0x080001ea   0x00000006   Code   RO          640    .ARM.Collect$$_printf_percent$$00000010  c_w.l(_printf_llo.o)
    0x080001f0   0x080001f0   0x00000006   Code   RO          641    .ARM.Collect$$_printf_percent$$00000011  c_w.l(_printf_llx.o)
    0x080001f6   0x080001f6   0x0000000a   Code   RO          637    .ARM.Collect$$_printf_percent$$00000012  c_w.l(_printf_l.o)
    0x08000200   0x08000200   0x00000006   Code   RO          619    .ARM.Collect$$_printf_percent$$00000013  c_w.l(_printf_c.o)
    0x08000206   0x08000206   0x00000006   Code   RO          620    .ARM.Collect$$_printf_percent$$00000014  c_w.l(_printf_s.o)
    0x0800020c   0x0800020c   0x00000006   Code   RO          638    .ARM.Collect$$_printf_percent$$00000015  c_w.l(_printf_lc.o)
    0x08000212   0x08000212   0x00000006   Code   RO          639    .ARM.Collect$$_printf_percent$$00000016  c_w.l(_printf_ls.o)
    0x08000218   0x08000218   0x00000004   Code   RO          682    .ARM.Collect$$_printf_percent$$00000017  c_w.l(_printf_percent_end.o)
    0x0800021c   0x0800021c   0x00000002   Code   RO          733    .ARM.Collect$$libinit$$00000000  c_w.l(libinit.o)
    0x0800021e   0x0800021e   0x00000000   Code   RO          752    .ARM.Collect$$libinit$$00000002  c_w.l(libinit2.o)
    0x0800021e   0x0800021e   0x00000000   Code   RO          754    .ARM.Collect$$libinit$$00000004  c_w.l(libinit2.o)
    0x0800021e   0x0800021e   0x00000000   Code   RO          756    .ARM.Collect$$libinit$$00000006  c_w.l(libinit2.o)
    0x0800021e   0x0800021e   0x00000000   Code   RO          759    .ARM.Collect$$libinit$$0000000C  c_w.l(libinit2.o)
    0x0800021e   0x0800021e   0x00000000   Code   RO          761    .ARM.Collect$$libinit$$0000000E  c_w.l(libinit2.o)
    0x0800021e   0x0800021e   0x00000000   Code   RO          763    .ARM.Collect$$libinit$$00000010  c_w.l(libinit2.o)
    0x0800021e   0x0800021e   0x00000006   Code   RO          764    .ARM.Collect$$libinit$$00000011  c_w.l(libinit2.o)
    0x08000224   0x08000224   0x00000000   Code   RO          766    .ARM.Collect$$libinit$$00000013  c_w.l(libinit2.o)
    0x08000224   0x08000224   0x0000000c   Code   RO          767    .ARM.Collect$$libinit$$00000014  c_w.l(libinit2.o)
    0x08000230   0x08000230   0x00000000   Code   RO          768    .ARM.Collect$$libinit$$00000015  c_w.l(libinit2.o)
    0x08000230   0x08000230   0x00000000   Code   RO          770    .ARM.Collect$$libinit$$00000017  c_w.l(libinit2.o)
    0x08000230   0x08000230   0x0000000a   Code   RO          771    .ARM.Collect$$libinit$$00000018  c_w.l(libinit2.o)
    0x0800023a   0x0800023a   0x00000000   Code   RO          772    .ARM.Collect$$libinit$$00000019  c_w.l(libinit2.o)
    0x0800023a   0x0800023a   0x00000000   Code   RO          774    .ARM.Collect$$libinit$$0000001B  c_w.l(libinit2.o)
    0x0800023a   0x0800023a   0x00000000   Code   RO          776    .ARM.Collect$$libinit$$0000001D  c_w.l(libinit2.o)
    0x0800023a   0x0800023a   0x00000000   Code   RO          778    .ARM.Collect$$libinit$$0000001F  c_w.l(libinit2.o)
    0x0800023a   0x0800023a   0x00000000   Code   RO          780    .ARM.Collect$$libinit$$00000021  c_w.l(libinit2.o)
    0x0800023a   0x0800023a   0x00000000   Code   RO          782    .ARM.Collect$$libinit$$00000023  c_w.l(libinit2.o)
    0x0800023a   0x0800023a   0x00000000   Code   RO          784    .ARM.Collect$$libinit$$00000025  c_w.l(libinit2.o)
    0x0800023a   0x0800023a   0x00000000   Code   RO          786    .ARM.Collect$$libinit$$00000027  c_w.l(libinit2.o)
    0x0800023a   0x0800023a   0x00000000   Code   RO          790    .ARM.Collect$$libinit$$0000002E  c_w.l(libinit2.o)
    0x0800023a   0x0800023a   0x00000000   Code   RO          792    .ARM.Collect$$libinit$$00000030  c_w.l(libinit2.o)
    0x0800023a   0x0800023a   0x00000000   Code   RO          794    .ARM.Collect$$libinit$$00000032  c_w.l(libinit2.o)
    0x0800023a   0x0800023a   0x00000000   Code   RO          796    .ARM.Collect$$libinit$$00000034  c_w.l(libinit2.o)
    0x0800023a   0x0800023a   0x00000002   Code   RO          797    .ARM.Collect$$libinit$$00000035  c_w.l(libinit2.o)
    0x0800023c   0x0800023c   0x00000002   Code   RO          821    .ARM.Collect$$libshutdown$$00000000  c_w.l(libshutdown.o)
    0x0800023e   0x0800023e   0x00000000   Code   RO          836    .ARM.Collect$$libshutdown$$00000002  c_w.l(libshutdown2.o)
    0x0800023e   0x0800023e   0x00000000   Code   RO          838    .ARM.Collect$$libshutdown$$00000004  c_w.l(libshutdown2.o)
    0x0800023e   0x0800023e   0x00000000   Code   RO          841    .ARM.Collect$$libshutdown$$00000007  c_w.l(libshutdown2.o)
    0x0800023e   0x0800023e   0x00000000   Code   RO          844    .ARM.Collect$$libshutdown$$0000000A  c_w.l(libshutdown2.o)
    0x0800023e   0x0800023e   0x00000000   Code   RO          846    .ARM.Collect$$libshutdown$$0000000C  c_w.l(libshutdown2.o)
    0x0800023e   0x0800023e   0x00000000   Code   RO          849    .ARM.Collect$$libshutdown$$0000000F  c_w.l(libshutdown2.o)
    0x0800023e   0x0800023e   0x00000002   Code   RO          850    .ARM.Collect$$libshutdown$$00000010  c_w.l(libshutdown2.o)
    0x08000240   0x08000240   0x00000000   Code   RO          550    .ARM.Collect$$rtentry$$00000000  c_w.l(__rtentry.o)
    0x08000240   0x08000240   0x00000000   Code   RO          651    .ARM.Collect$$rtentry$$00000002  c_w.l(__rtentry2.o)
    0x08000240   0x08000240   0x00000006   Code   RO          663    .ARM.Collect$$rtentry$$00000004  c_w.l(__rtentry4.o)
    0x08000246   0x08000246   0x00000000   Code   RO          653    .ARM.Collect$$rtentry$$00000009  c_w.l(__rtentry2.o)
    0x08000246   0x08000246   0x00000004   Code   RO          654    .ARM.Collect$$rtentry$$0000000A  c_w.l(__rtentry2.o)
    0x0800024a   0x0800024a   0x00000000   Code   RO          656    .ARM.Collect$$rtentry$$0000000C  c_w.l(__rtentry2.o)
    0x0800024a   0x0800024a   0x00000008   Code   RO          657    .ARM.Collect$$rtentry$$0000000D  c_w.l(__rtentry2.o)
    0x08000252   0x08000252   0x00000002   Code   RO          742    .ARM.Collect$$rtexit$$00000000  c_w.l(rtexit.o)
    0x08000254   0x08000254   0x00000000   Code   RO          799    .ARM.Collect$$rtexit$$00000002  c_w.l(rtexit2.o)
    0x08000254   0x08000254   0x00000004   Code   RO          800    .ARM.Collect$$rtexit$$00000003  c_w.l(rtexit2.o)
    0x08000258   0x08000258   0x00000006   Code   RO          801    .ARM.Collect$$rtexit$$00000004  c_w.l(rtexit2.o)
    0x0800025e   0x0800025e   0x00000002   PAD
    0x08000260   0x08000260   0x00000040   Code   RO          519    .text               startup_stm32f10x_md.o
    0x080002a0   0x080002a0   0x0000002c   Code   RO          544    .text               c_w.l(sprintf.o)
    0x080002cc   0x080002cc   0x00000006   Code   RO          546    .text               c_w.l(heapauxi.o)
    0x080002d2   0x080002d2   0x0000004e   Code   RO          553    .text               c_w.l(_printf_pad.o)
    0x08000320   0x08000320   0x00000024   Code   RO          555    .text               c_w.l(_printf_truncate.o)
    0x08000344   0x08000344   0x00000052   Code   RO          557    .text               c_w.l(_printf_str.o)
    0x08000396   0x08000396   0x00000002   PAD
    0x08000398   0x08000398   0x00000078   Code   RO          559    .text               c_w.l(_printf_dec.o)
    0x08000410   0x08000410   0x00000028   Code   RO          561    .text               c_w.l(_printf_charcount.o)
    0x08000438   0x08000438   0x00000030   Code   RO          563    .text               c_w.l(_printf_char_common.o)
    0x08000468   0x08000468   0x0000000a   Code   RO          565    .text               c_w.l(_sputc.o)
    0x08000472   0x08000472   0x00000002   PAD
    0x08000474   0x08000474   0x000000bc   Code   RO          567    .text               c_w.l(_printf_wctomb.o)
    0x08000530   0x08000530   0x0000007c   Code   RO          570    .text               c_w.l(_printf_longlong_dec.o)
    0x080005ac   0x080005ac   0x00000070   Code   RO          576    .text               c_w.l(_printf_oct_int_ll.o)
    0x0800061c   0x0800061c   0x00000094   Code   RO          596    .text               c_w.l(_printf_hex_int_ll_ptr.o)
    0x080006b0   0x080006b0   0x00000188   Code   RO          616    .text               c_w.l(__printf_flags_ss_wp.o)
    0x08000838   0x08000838   0x0000008a   Code   RO          665    .text               c_w.l(lludiv10.o)
    0x080008c2   0x080008c2   0x000000b2   Code   RO          667    .text               c_w.l(_printf_intcommon.o)
    0x08000974   0x08000974   0x0000041c   Code   RO          669    .text               c_w.l(_printf_fp_dec.o)
    0x08000d90   0x08000d90   0x000002fc   Code   RO          673    .text               c_w.l(_printf_fp_hex.o)
    0x0800108c   0x0800108c   0x0000002c   Code   RO          678    .text               c_w.l(_printf_char.o)
    0x080010b8   0x080010b8   0x0000002c   Code   RO          680    .text               c_w.l(_printf_wchar.o)
    0x080010e4   0x080010e4   0x00000048   Code   RO          683    .text               c_w.l(_c16rtomb.o)
    0x0800112c   0x0800112c   0x0000004a   Code   RO          685    .text               c_w.l(sys_stackheap_outer.o)
    0x08001176   0x08001176   0x00000002   PAD
    0x08001178   0x08001178   0x00000010   Code   RO          687    .text               c_w.l(rt_ctype_table.o)
    0x08001188   0x08001188   0x00000008   Code   RO          692    .text               c_w.l(rt_locale_intlibspace.o)
    0x08001190   0x08001190   0x00000080   Code   RO          694    .text               c_w.l(_printf_fp_infnan.o)
    0x08001210   0x08001210   0x000000e4   Code   RO          696    .text               c_w.l(bigflt0.o)
    0x080012f4   0x080012f4   0x00000012   Code   RO          726    .text               c_w.l(exit.o)
    0x08001306   0x08001306   0x00000002   PAD
    0x08001308   0x08001308   0x00000008   Code   RO          739    .text               c_w.l(libspace.o)
    0x08001310   0x08001310   0x00000080   Code   RO          749    .text               c_w.l(strcmpv7m.o)
    0x08001390   0x08001390   0x0000000c   Code   RO          811    .text               c_w.l(sys_exit.o)
    0x0800139c   0x0800139c   0x00000002   Code   RO          826    .text               c_w.l(use_no_semi.o)
    0x0800139e   0x0800139e   0x00000000   Code   RO          828    .text               c_w.l(indicate_semi.o)
    0x0800139e   0x0800139e   0x00000002   PAD
    0x080013a0   0x080013a0   0x00000054   Code   RO           14    .text.DelayMs       main.o
    0x080013f4   0x080013f4   0x0000015e   Code   RO           16    .text.EEPROM_ReadByte  main.o
    0x08001552   0x08001552   0x00000002   PAD
    0x08001554   0x08001554   0x00000106   Code   RO           12    .text.EEPROM_WriteByte  main.o
    0x0800165a   0x0800165a   0x00000002   PAD
    0x0800165c   0x0800165c   0x0000004e   Code   RO            4    .text.GPIO_Config   main.o
    0x080016aa   0x080016aa   0x00000002   PAD
    0x080016ac   0x080016ac   0x00000186   Code   RO           78    .text.GPIO_Init     stm32f10x_gpio.o
    0x08001832   0x08001832   0x00000002   PAD
    0x08001834   0x08001834   0x0000002c   Code   RO          133    .text.I2C_AcknowledgeConfig  stm32f10x_i2c.o
    0x08001860   0x08001860   0x00000054   Code   RO          171    .text.I2C_CheckEvent  stm32f10x_i2c.o
    0x080018b4   0x080018b4   0x0000002c   Code   RO          123    .text.I2C_Cmd       stm32f10x_i2c.o
    0x080018e0   0x080018e0   0x00000080   Code   RO            8    .text.I2C_Config    main.o
    0x08001960   0x08001960   0x0000002c   Code   RO          129    .text.I2C_GenerateSTART  stm32f10x_i2c.o
    0x0800198c   0x0800198c   0x0000002c   Code   RO          131    .text.I2C_GenerateSTOP  stm32f10x_i2c.o
    0x080019b8   0x080019b8   0x00000062   Code   RO          175    .text.I2C_GetFlagStatus  stm32f10x_i2c.o
    0x08001a1a   0x08001a1a   0x00000002   PAD
    0x08001a1c   0x08001a1c   0x000001aa   Code   RO          119    .text.I2C_Init      stm32f10x_i2c.o
    0x08001bc6   0x08001bc6   0x00000002   PAD
    0x08001bc8   0x08001bc8   0x0000000e   Code   RO          145    .text.I2C_ReceiveData  stm32f10x_i2c.o
    0x08001bd6   0x08001bd6   0x00000002   PAD
    0x08001bd8   0x08001bd8   0x0000003c   Code   RO          147    .text.I2C_Send7bitAddress  stm32f10x_i2c.o
    0x08001c14   0x08001c14   0x00000014   Code   RO          143    .text.I2C_SendData  stm32f10x_i2c.o
    0x08001c28   0x08001c28   0x00000038   Code   RO          236    .text.RCC_APB1PeriphClockCmd  stm32f10x_rcc.o
    0x08001c60   0x08001c60   0x00000038   Code   RO          234    .text.RCC_APB2PeriphClockCmd  stm32f10x_rcc.o
    0x08001c98   0x08001c98   0x00000172   Code   RO          230    .text.RCC_GetClocksFreq  stm32f10x_rcc.o
    0x08001e0a   0x08001e0a   0x00000002   PAD
    0x08001e0c   0x08001e0c   0x00000008   Code   RO          528    .text.SetSysClock   system_stm32f10x.o
    0x08001e14   0x08001e14   0x00000122   Code   RO          532    .text.SetSysClockTo72  system_stm32f10x.o
    0x08001f36   0x08001f36   0x00000002   PAD
    0x08001f38   0x08001f38   0x00000052   Code   RO           18    .text.SysTick_Config  main.o
    0x08001f8a   0x08001f8a   0x00000002   PAD
    0x08001f8c   0x08001f8c   0x00000020   Code   RO           20    .text.SysTick_Handler  main.o
    0x08001fac   0x08001fac   0x00000066   Code   RO          526    .text.SystemInit    system_stm32f10x.o
    0x08002012   0x08002012   0x00000002   PAD
    0x08002014   0x08002014   0x0000002c   Code   RO          462    .text.USART_Cmd     stm32f10x_usart.o
    0x08002040   0x08002040   0x0000004a   Code   RO            6    .text.USART_Config  main.o
    0x0800208a   0x0800208a   0x00000002   PAD
    0x0800208c   0x0800208c   0x00000044   Code   RO          502    .text.USART_GetFlagStatus  stm32f10x_usart.o
    0x080020d0   0x080020d0   0x0000015c   Code   RO          454    .text.USART_Init    stm32f10x_usart.o
    0x0800222c   0x0800222c   0x00000018   Code   RO          478    .text.USART_SendData  stm32f10x_usart.o
    0x08002244   0x08002244   0x00000040   Code   RO           10    .text.USART_SendString  main.o
    0x08002284   0x08002284   0x00000042   Code   RO           22    .text.__NVIC_SetPriority  main.o
    0x080022c6   0x080022c6   0x00000002   PAD
    0x080022c8   0x080022c8   0x0000005e   Code   RO            2    .text.main          main.o
    0x08002326   0x08002326   0x0000003e   Code   RO          699    CL$$btod_d2e        c_w.l(btod.o)
    0x08002364   0x08002364   0x00000046   Code   RO          701    CL$$btod_d2e_denorm_low  c_w.l(btod.o)
    0x080023aa   0x080023aa   0x00000060   Code   RO          700    CL$$btod_d2e_norm_op1  c_w.l(btod.o)
    0x0800240a   0x0800240a   0x00000002   PAD
    0x0800240c   0x0800240c   0x00000338   Code   RO          709    CL$$btod_div_common  c_w.l(btod.o)
    0x08002744   0x08002744   0x000000dc   Code   RO          706    CL$$btod_e2e        c_w.l(btod.o)
    0x08002820   0x08002820   0x0000002a   Code   RO          703    CL$$btod_ediv       c_w.l(btod.o)
    0x0800284a   0x0800284a   0x0000002a   Code   RO          702    CL$$btod_emul       c_w.l(btod.o)
    0x08002874   0x08002874   0x00000244   Code   RO          708    CL$$btod_mult_common  c_w.l(btod.o)
    0x08002ab8   0x08002ab8   0x00000028   Code   RO          737    i.__ARM_fpclassify  m_ws.l(fpclassify.o)
    0x08002ae0   0x08002ae0   0x0000000e   Code   RO          609    i._is_digit         c_w.l(__printf_wp.o)
    0x08002aee   0x08002aee   0x00000002   PAD
    0x08002af0   0x08002af0   0x0000002c   Code   RO          724    locale$$code        c_w.l(lc_numeric_c.o)
    0x08002b1c   0x08002b1c   0x0000002c   Code   RO          747    locale$$code        c_w.l(lc_ctype_c.o)
    0x08002b48   0x08002b48   0x00000004   Code   RO          642    x$fpl$printf1       fz_ws.l(printf1.o)
    0x08002b4c   0x08002b4c   0x00000004   Code   RO          644    x$fpl$printf2       fz_ws.l(printf2.o)
    0x08002b50   0x08002b50   0x00000000   Code   RO          736    x$fpl$usenofp       fz_ws.l(usenofp.o)
    0x08002b50   0x08002b50   0x00000008   Data   RO          568    .constdata          c_w.l(_printf_wctomb.o)
    0x08002b58   0x08002b58   0x00000028   Data   RO          597    .constdata          c_w.l(_printf_hex_int_ll_ptr.o)
    0x08002b80   0x08002b80   0x00000011   Data   RO          617    .constdata          c_w.l(__printf_flags_ss_wp.o)
    0x08002b91   0x08002b91   0x00000026   Data   RO          674    .constdata          c_w.l(_printf_fp_hex.o)
    0x08002bb7   0x08002bb7   0x00000001   PAD
    0x08002bb8   0x08002bb8   0x00000094   Data   RO          697    .constdata          c_w.l(bigflt0.o)
    0x08002c4c   0x08002c4c   0x00000004   Data   RO          255    .rodata.ADCPrescTable  stm32f10x_rcc.o
    0x08002c50   0x08002c50   0x00000010   Data   RO          254    .rodata.APBAHBPrescTable  stm32f10x_rcc.o
    0x08002c60   0x08002c60   0x0000000d   Data   RO           24    .rodata.str1.1      main.o
    0x08002c6d   0x08002c6d   0x00000003   PAD
    0x08002c70   0x08002c70   0x00000020   Data   RO          884    Region$$Table       anon$$obj.o
    0x08002c90   0x08002c90   0x0000001c   Data   RO          723    locale$$data        c_w.l(lc_numeric_c.o)
    0x08002cac   0x08002cac   0x00000110   Data   RO          746    locale$$data        c_w.l(lc_ctype_c.o)


    Execution Region RW_IRAM1 (Exec base: 0x20000000, Load base: 0x08002dc0, Size: 0x00000670, Max: 0x00005000, ABSOLUTE)

    Exec Addr    Load Addr    Size         Type   Attr      Idx    E Section Name        Object

    0x20000000   0x08002dc0   0x00000004   Data   RW          534    .data.SystemCoreClock  system_stm32f10x.o
    0x20000004   0x08002dc4   0x00000004   PAD
    0x20000008        -       0x00000060   Zero   RW          740    .bss                c_w.l(libspace.o)
    0x20000068        -       0x00000004   Zero   RW           25    .bss.TimingDelay    main.o
    0x2000006c   0x08002dc4   0x00000004   PAD
    0x20000070        -       0x00000200   Zero   RW          517    HEAP                startup_stm32f10x_md.o
    0x20000270        -       0x00000400   Zero   RW          516    STACK               startup_stm32f10x_md.o


==============================================================================

Image component sizes


      Code (inc. data)   RO Data    RW Data    ZI Data      Debug   Object Name

      1314          0         13          0          4       6839   main.o
        64         26        236          0       1536        800   startup_stm32f10x_md.o
       390          0          0          0          0       5701   stm32f10x_gpio.o
       878          0          0          0          0       7885   stm32f10x_i2c.o
       482          0         20          0          0       7029   stm32f10x_rcc.o
       484          0          0          0          0       7502   stm32f10x_usart.o
       400          0          0          4          0       2860   system_stm32f10x.o

    ----------------------------------------------------------------------
      4038         26        304          4       1548      38616   Object Totals
         0          0         32          0          0          0   (incl. Generated)
        26          0          3          0          8          0   (incl. Padding)

    ----------------------------------------------------------------------

      Code (inc. data)   RO Data    RW Data    ZI Data      Debug   Library Member Name

         8          0          0          0          0         68   __main.o
       392          4         17          0          0         92   __printf_flags_ss_wp.o
        14          0          0          0          0         68   __printf_wp.o
         0          0          0          0          0          0   __rtentry.o
        12          0          0          0          0          0   __rtentry2.o
         6          0          0          0          0          0   __rtentry4.o
        94          8          0          0          0          0   __scatter.o
        26          0          0          0          0          0   __scatter_copy.o
        28          0          0          0          0          0   __scatter_zi.o
        72          0          0          0          0         96   _c16rtomb.o
         6          0          0          0          0          0   _printf_a.o
         6          0          0          0          0          0   _printf_c.o
        44          0          0          0          0        108   _printf_char.o
        48          6          0          0          0         96   _printf_char_common.o
        40          0          0          0          0         68   _printf_charcount.o
         6          0          0          0          0          0   _printf_d.o
       120         16          0          0          0         92   _printf_dec.o
         6          0          0          0          0          0   _printf_e.o
         6          0          0          0          0          0   _printf_f.o
      1052          0          0          0          0        148   _printf_fp_dec.o
       764          8         38          0          0        100   _printf_fp_hex.o
       128         16          0          0          0         84   _printf_fp_infnan.o
         6          0          0          0          0          0   _printf_g.o
       148          4         40          0          0        160   _printf_hex_int_ll_ptr.o
         6          0          0          0          0          0   _printf_i.o
       178          0          0          0          0         88   _printf_intcommon.o
        10          0          0          0          0          0   _printf_l.o
         6          0          0          0          0          0   _printf_lc.o
        10          0          0          0          0          0   _printf_ll.o
         6          0          0          0          0          0   _printf_lld.o
         6          0          0          0          0          0   _printf_lli.o
         6          0          0          0          0          0   _printf_llo.o
         6          0          0          0          0          0   _printf_llu.o
         6          0          0          0          0          0   _printf_llx.o
       124         16          0          0          0         92   _printf_longlong_dec.o
         6          0          0          0          0          0   _printf_ls.o
         6          0          0          0          0          0   _printf_n.o
         6          0          0          0          0          0   _printf_o.o
       112          8          0          0          0        124   _printf_oct_int_ll.o
         6          0          0          0          0          0   _printf_p.o
        78          0          0          0          0        108   _printf_pad.o
         0          0          0          0          0          0   _printf_percent.o
         4          0          0          0          0          0   _printf_percent_end.o
         6          0          0          0          0          0   _printf_s.o
        82          0          0          0          0         80   _printf_str.o
        36          0          0          0          0         84   _printf_truncate.o
         6          0          0          0          0          0   _printf_u.o
        44          0          0          0          0        108   _printf_wchar.o
       188          6          8          0          0         92   _printf_wctomb.o
         6          0          0          0          0          0   _printf_x.o
        10          0          0          0          0         68   _sputc.o
       228          4        148          0          0         96   bigflt0.o
      1936        128          0          0          0        668   btod.o
        18          0          0          0          0         80   exit.o
         6          0          0          0          0        152   heapauxi.o
         0          0          0          0          0          0   indicate_semi.o
        44         10        272          0          0         76   lc_ctype_c.o
        44         10         28          0          0         76   lc_numeric_c.o
         2          0          0          0          0          0   libinit.o
        30          0          0          0          0          0   libinit2.o
         2          0          0          0          0          0   libshutdown.o
         2          0          0          0          0          0   libshutdown2.o
         8          4          0          0         96         68   libspace.o
       138          0          0          0          0         80   lludiv10.o
        16          4          0          0          0         76   rt_ctype_table.o
         8          4          0          0          0         68   rt_locale_intlibspace.o
         2          0          0          0          0          0   rtexit.o
        10          0          0          0          0          0   rtexit2.o
        44          6          0          0          0         84   sprintf.o
       128          0          0          0          0         68   strcmpv7m.o
        12          4          0          0          0         68   sys_exit.o
        74          0          0          0          0         80   sys_stackheap_outer.o
         2          0          0          0          0         68   use_no_semi.o
         4          0          0          0          0         68   printf1.o
         4          0          0          0          0         68   printf2.o
         0          0          0          0          0          0   usenofp.o
        40          0          0          0          0         68   fpclassify.o

    ----------------------------------------------------------------------
      6814        266        552          0         96       4036   Library Totals
        20          0          1          0          0          0   (incl. Padding)

    ----------------------------------------------------------------------

      Code (inc. data)   RO Data    RW Data    ZI Data      Debug   Library Name

      6746        266        551          0         96       3832   c_w.l
         8          0          0          0          0        136   fz_ws.l
        40          0          0          0          0         68   m_ws.l

    ----------------------------------------------------------------------
      6814        266        552          0         96       4036   Library Totals

    ----------------------------------------------------------------------

==============================================================================


      Code (inc. data)   RO Data    RW Data    ZI Data      Debug   

     10852        292        856          4       1644      40484   Grand Totals
     10852        292        856          4       1644      40484   ELF Image Totals
     10852        292        856          4          0          0   ROM Totals

==============================================================================

    Total RO  Size (Code + RO Data)                11708 (  11.43kB)
    Total RW  Size (RW Data + ZI Data)              1648 (   1.61kB)
    Total ROM Size (Code + RO Data + RW Data)      11712 (  11.44kB)

==============================================================================

